Archive member included to satisfy reference by file (symbol)

/opt/Atollic_TrueSTUDIO_for_STM32_x86_64_9.3.0/ARMTools/bin/../lib/gcc/arm-atollic-eabi/6.3.1/../../../../arm-atollic-eabi/lib/armv7e-m/fpu/fpv5-d16/libc_nano.a(lib_a-errno.o)
                              Src/syscalls.o (__errno)
/opt/Atollic_TrueSTUDIO_for_STM32_x86_64_9.3.0/ARMTools/bin/../lib/gcc/arm-atollic-eabi/6.3.1/../../../../arm-atollic-eabi/lib/armv7e-m/fpu/fpv5-d16/libc_nano.a(lib_a-impure.o)
                              /opt/Atollic_TrueSTUDIO_for_STM32_x86_64_9.3.0/ARMTools/bin/../lib/gcc/arm-atollic-eabi/6.3.1/../../../../arm-atollic-eabi/lib/armv7e-m/fpu/fpv5-d16/libc_nano.a(lib_a-errno.o) (_impure_ptr)
/opt/Atollic_TrueSTUDIO_for_STM32_x86_64_9.3.0/ARMTools/bin/../lib/gcc/arm-atollic-eabi/6.3.1/../../../../arm-atollic-eabi/lib/armv7e-m/fpu/fpv5-d16/libc_nano.a(lib_a-init.o)
                              startup/startup_stm32f767xx.o (__libc_init_array)
/opt/Atollic_TrueSTUDIO_for_STM32_x86_64_9.3.0/ARMTools/bin/../lib/gcc/arm-atollic-eabi/6.3.1/../../../../arm-atollic-eabi/lib/armv7e-m/fpu/fpv5-d16/libc_nano.a(lib_a-malloc.o)
                              Middlewares/ST/STM32_USB_Device_Library/Class/CDC/Src/usbd_cdc.o (malloc)
/opt/Atollic_TrueSTUDIO_for_STM32_x86_64_9.3.0/ARMTools/bin/../lib/gcc/arm-atollic-eabi/6.3.1/../../../../arm-atollic-eabi/lib/armv7e-m/fpu/fpv5-d16/libc_nano.a(lib_a-memset.o)
                              Src/main.o (memset)
/opt/Atollic_TrueSTUDIO_for_STM32_x86_64_9.3.0/ARMTools/bin/../lib/gcc/arm-atollic-eabi/6.3.1/../../../../arm-atollic-eabi/lib/armv7e-m/fpu/fpv5-d16/libc_nano.a(lib_a-nano-freer.o)
                              /opt/Atollic_TrueSTUDIO_for_STM32_x86_64_9.3.0/ARMTools/bin/../lib/gcc/arm-atollic-eabi/6.3.1/../../../../arm-atollic-eabi/lib/armv7e-m/fpu/fpv5-d16/libc_nano.a(lib_a-malloc.o) (_free_r)
/opt/Atollic_TrueSTUDIO_for_STM32_x86_64_9.3.0/ARMTools/bin/../lib/gcc/arm-atollic-eabi/6.3.1/../../../../arm-atollic-eabi/lib/armv7e-m/fpu/fpv5-d16/libc_nano.a(lib_a-nano-mallocr.o)
                              /opt/Atollic_TrueSTUDIO_for_STM32_x86_64_9.3.0/ARMTools/bin/../lib/gcc/arm-atollic-eabi/6.3.1/../../../../arm-atollic-eabi/lib/armv7e-m/fpu/fpv5-d16/libc_nano.a(lib_a-malloc.o) (_malloc_r)
/opt/Atollic_TrueSTUDIO_for_STM32_x86_64_9.3.0/ARMTools/bin/../lib/gcc/arm-atollic-eabi/6.3.1/../../../../arm-atollic-eabi/lib/armv7e-m/fpu/fpv5-d16/libc_nano.a(lib_a-sbrkr.o)
                              /opt/Atollic_TrueSTUDIO_for_STM32_x86_64_9.3.0/ARMTools/bin/../lib/gcc/arm-atollic-eabi/6.3.1/../../../../arm-atollic-eabi/lib/armv7e-m/fpu/fpv5-d16/libc_nano.a(lib_a-nano-mallocr.o) (_sbrk_r)
/opt/Atollic_TrueSTUDIO_for_STM32_x86_64_9.3.0/ARMTools/bin/../lib/gcc/arm-atollic-eabi/6.3.1/../../../../arm-atollic-eabi/lib/armv7e-m/fpu/fpv5-d16/libc_nano.a(lib_a-strcpy.o)
                              debug_uart/debug_uart.o (strcpy)
/opt/Atollic_TrueSTUDIO_for_STM32_x86_64_9.3.0/ARMTools/bin/../lib/gcc/arm-atollic-eabi/6.3.1/../../../../arm-atollic-eabi/lib/armv7e-m/fpu/fpv5-d16/libc_nano.a(lib_a-strlen.o)
                              debug_uart/debug_uart.o (strlen)
/opt/Atollic_TrueSTUDIO_for_STM32_x86_64_9.3.0/ARMTools/bin/../lib/gcc/arm-atollic-eabi/6.3.1/../../../../arm-atollic-eabi/lib/armv7e-m/fpu/fpv5-d16/libc_nano.a(lib_a-mlock.o)
                              /opt/Atollic_TrueSTUDIO_for_STM32_x86_64_9.3.0/ARMTools/bin/../lib/gcc/arm-atollic-eabi/6.3.1/../../../../arm-atollic-eabi/lib/armv7e-m/fpu/fpv5-d16/libc_nano.a(lib_a-nano-freer.o) (__malloc_lock)
/opt/Atollic_TrueSTUDIO_for_STM32_x86_64_9.3.0/ARMTools/bin/../lib/gcc/arm-atollic-eabi/6.3.1/../../../../arm-atollic-eabi/lib/armv7e-m/fpu/fpv5-d16/libc_nano.a(lib_a-reent.o)
                              /opt/Atollic_TrueSTUDIO_for_STM32_x86_64_9.3.0/ARMTools/bin/../lib/gcc/arm-atollic-eabi/6.3.1/../../../../arm-atollic-eabi/lib/armv7e-m/fpu/fpv5-d16/libc_nano.a(lib_a-sbrkr.o) (errno)
/opt/Atollic_TrueSTUDIO_for_STM32_x86_64_9.3.0/ARMTools/bin/../lib/gcc/arm-atollic-eabi/6.3.1/armv7e-m/fpu/fpv5-d16/libgcc.a(_aeabi_uldivmod.o)
                              Drivers/STM32F7xx_HAL_Driver/Src/stm32f7xx_hal_rcc.o (__aeabi_uldivmod)
/opt/Atollic_TrueSTUDIO_for_STM32_x86_64_9.3.0/ARMTools/bin/../lib/gcc/arm-atollic-eabi/6.3.1/armv7e-m/fpu/fpv5-d16/libgcc.a(_udivmoddi4.o)
                              /opt/Atollic_TrueSTUDIO_for_STM32_x86_64_9.3.0/ARMTools/bin/../lib/gcc/arm-atollic-eabi/6.3.1/armv7e-m/fpu/fpv5-d16/libgcc.a(_aeabi_uldivmod.o) (__udivmoddi4)
/opt/Atollic_TrueSTUDIO_for_STM32_x86_64_9.3.0/ARMTools/bin/../lib/gcc/arm-atollic-eabi/6.3.1/armv7e-m/fpu/fpv5-d16/libgcc.a(_dvmd_tls.o)
                              /opt/Atollic_TrueSTUDIO_for_STM32_x86_64_9.3.0/ARMTools/bin/../lib/gcc/arm-atollic-eabi/6.3.1/armv7e-m/fpu/fpv5-d16/libgcc.a(_aeabi_uldivmod.o) (__aeabi_ldiv0)

Allocating common symbols
Common symbol       size              file

hUsbDeviceFS        0x29c             Src/usb_device.o
[...]
Memory Configuration

Name             Origin             Length             Attributes
RAM              0x0000000020000000 0x0000000000080000 xrw
FLASH            0x0000000008000000 0x0000000000200000 xr
*default*        0x0000000000000000 0xffffffffffffffff

Linker script and memory map

LOAD /opt/Atollic_TrueSTUDIO_for_STM32_x86_64_9.3.0/ARMTools/bin/../lib/gcc/arm-atollic-eabi/6.3.1/armv7e-m/fpu/fpv5-d16/crti.o
LOAD /opt/Atollic_TrueSTUDIO_for_STM32_x86_64_9.3.0/ARMTools/bin/../lib/gcc/arm-atollic-eabi/6.3.1/armv7e-m/fpu/fpv5-d16/crtbegin.o
LOAD Drivers/STM32F7xx_HAL_Driver/Src/stm32f7xx_hal.o
LOAD Drivers/STM32F7xx_HAL_Driver/Src/stm32f7xx_hal_cortex.o
LOAD Drivers/STM32F7xx_HAL_Driver/Src/stm32f7xx_hal_dma.o
LOAD Drivers/STM32F7xx_HAL_Driver/Src/stm32f7xx_hal_dma_ex.o
LOAD Drivers/STM32F7xx_HAL_Driver/Src/stm32f7xx_hal_exti.o
LOAD Drivers/STM32F7xx_HAL_Driver/Src/stm32f7xx_hal_flash.o
LOAD Drivers/STM32F7xx_HAL_Driver/Src/stm32f7xx_hal_flash_ex.o
LOAD Drivers/STM32F7xx_HAL_Driver/Src/stm32f7xx_hal_gpio.o
LOAD Drivers/STM32F7xx_HAL_Driver/Src/stm32f7xx_hal_i2c.o
LOAD Drivers/STM32F7xx_HAL_Driver/Src/stm32f7xx_hal_i2c_ex.o
LOAD Drivers/STM32F7xx_HAL_Driver/Src/stm32f7xx_hal_pcd.o
LOAD Drivers/STM32F7xx_HAL_Driver/Src/stm32f7xx_hal_pcd_ex.o
LOAD Drivers/STM32F7xx_HAL_Driver/Src/stm32f7xx_hal_pwr.o
LOAD Drivers/STM32F7xx_HAL_Driver/Src/stm32f7xx_hal_pwr_ex.o
LOAD Drivers/STM32F7xx_HAL_Driver/Src/stm32f7xx_hal_rcc.o
LOAD Drivers/STM32F7xx_HAL_Driver/Src/stm32f7xx_hal_rcc_ex.o
LOAD Drivers/STM32F7xx_HAL_Driver/Src/stm32f7xx_hal_spi.o
LOAD Drivers/STM32F7xx_HAL_Driver/Src/stm32f7xx_hal_spi_ex.o
LOAD Drivers/STM32F7xx_HAL_Driver/Src/stm32f7xx_hal_tim.o
LOAD Drivers/STM32F7xx_HAL_Driver/Src/stm32f7xx_hal_tim_ex.o
LOAD Drivers/STM32F7xx_HAL_Driver/Src/stm32f7xx_hal_uart.o
LOAD Drivers/STM32F7xx_HAL_Driver/Src/stm32f7xx_ll_usb.o
LOAD Middlewares/ST/STM32_USB_Device_Library/Class/CDC/Src/usbd_cdc.o
LOAD Middlewares/ST/STM32_USB_Device_Library/Core/Src/usbd_core.o
LOAD Middlewares/ST/STM32_USB_Device_Library/Core/Src/usbd_ctlreq.o
LOAD Middlewares/ST/STM32_USB_Device_Library/Core/Src/usbd_ioreq.o
LOAD Src/main.o
LOAD Src/stm32f7xx_hal_msp.o
LOAD Src/stm32f7xx_it.o
LOAD Src/syscalls.o
LOAD Src/system_stm32f7xx.o
LOAD Src/usb_device.o
LOAD Src/usbd_cdc_if.o
LOAD Src/usbd_conf.o
LOAD Src/usbd_desc.o
LOAD debug_uart/debug_uart.o
LOAD startup/startup_stm32f767xx.o
                0x0000000000000080                malloc_getpagesize_P = 0x80
START GROUP
LOAD /opt/Atollic_TrueSTUDIO_for_STM32_x86_64_9.3.0/ARMTools/bin/../lib/gcc/arm-atollic-eabi/6.3.1/../../../../arm-atollic-eabi/lib/armv7e-m/fpu/fpv5-d16/libc_nano.a
LOAD /opt/Atollic_TrueSTUDIO_for_STM32_x86_64_9.3.0/ARMTools/bin/../lib/gcc/arm-atollic-eabi/6.3.1/../../../../arm-atollic-eabi/lib/armv7e-m/fpu/fpv5-d16/libm.a
END GROUP
START GROUP
LOAD /opt/Atollic_TrueSTUDIO_for_STM32_x86_64_9.3.0/ARMTools/bin/../lib/gcc/arm-atollic-eabi/6.3.1/armv7e-m/fpu/fpv5-d16/libgcc.a
LOAD /opt/Atollic_TrueSTUDIO_for_STM32_x86_64_9.3.0/ARMTools/bin/../lib/gcc/arm-atollic-eabi/6.3.1/../../../../arm-atollic-eabi/lib/armv7e-m/fpu/fpv5-d16/libc_nano.a
END GROUP
START GROUP
LOAD /opt/Atollic_TrueSTUDIO_for_STM32_x86_64_9.3.0/ARMTools/bin/../lib/gcc/arm-atollic-eabi/6.3.1/armv7e-m/fpu/fpv5-d16/libgcc.a
LOAD /opt/Atollic_TrueSTUDIO_for_STM32_x86_64_9.3.0/ARMTools/bin/../lib/gcc/arm-atollic-eabi/6.3.1/../../../../arm-atollic-eabi/lib/armv7e-m/fpu/fpv5-d16/libc_nano.a
LOAD /opt/Atollic_TrueSTUDIO_for_STM32_x86_64_9.3.0/ARMTools/bin/../lib/gcc/arm-atollic-eabi/6.3.1/../../../../arm-atollic-eabi/lib/armv7e-m/fpu/fpv5-d16/libnosys.a
END GROUP
START GROUP
LOAD /opt/Atollic_TrueSTUDIO_for_STM32_x86_64_9.3.0/ARMTools/bin/../lib/gcc/arm-atollic-eabi/6.3.1/armv7e-m/fpu/fpv5-d16/libgcc.a
LOAD /opt/Atollic_TrueSTUDIO_for_STM32_x86_64_9.3.0/ARMTools/bin/../lib/gcc/arm-atollic-eabi/6.3.1/../../../../arm-atollic-eabi/lib/armv7e-m/fpu/fpv5-d16/libc_nano.a
LOAD /opt/Atollic_TrueSTUDIO_for_STM32_x86_64_9.3.0/ARMTools/bin/../lib/gcc/arm-atollic-eabi/6.3.1/../../../../arm-atollic-eabi/lib/armv7e-m/fpu/fpv5-d16/libnosys.a
END GROUP
LOAD /opt/Atollic_TrueSTUDIO_for_STM32_x86_64_9.3.0/ARMTools/bin/../lib/gcc/arm-atollic-eabi/6.3.1/armv7e-m/fpu/fpv5-d16/crtend.o
LOAD /opt/Atollic_TrueSTUDIO_for_STM32_x86_64_9.3.0/ARMTools/bin/../lib/gcc/arm-atollic-eabi/6.3.1/armv7e-m/fpu/fpv5-d16/crtn.o
                0x0000000020080000                _estack = 0x20080000
                0x0000000000000200                _Min_Heap_Size = 0x200
                0x0000000000000400                _Min_Stack_Size = 0x400

.isr_vector     0x0000000008000000      0x1f8
                0x0000000008000000                . = ALIGN (0x4)
 *(.isr_vector)
 .isr_vector    0x0000000008000000      0x1f8 startup/startup_stm32f767xx.o
                0x0000000008000000                g_pfnVectors
                0x00000000080001f8                . = ALIGN (0x4)

.text           0x00000000080001f8     0x4814
                0x00000000080001f8                . = ALIGN (0x4)
 *(.text)
 .text          0x00000000080001f8       0x40 /opt/Atollic_TrueSTUDIO_for_STM32_x86_64_9.3.0/ARMTools/bin/../lib/gcc/arm-atollic-eabi/6.3.1/armv7e-m/fpu/fpv5-d16/crtbegin.o
 .text          0x0000000008000238       0x10 /opt/Atollic_TrueSTUDIO_for_STM32_x86_64_9.3.0/ARMTools/bin/../lib/gcc/arm-atollic-eabi/6.3.1/../../../../arm-atollic-eabi/lib/armv7e-m/fpu/fpv5-d16/libc_nano.a(lib_a-strlen.o)
                0x0000000008000238                strlen
 .text          0x0000000008000248       0x30 /opt/Atollic_TrueSTUDIO_for_STM32_x86_64_9.3.0/ARMTools/bin/../lib/gcc/arm-atollic-eabi/6.3.1/armv7e-m/fpu/fpv5-d16/libgcc.a(_aeabi_uldivmod.o)
                0x0000000008000248                __aeabi_uldivmod
 .text          0x0000000008000278      0x2dc /opt/Atollic_TrueSTUDIO_for_STM32_x86_64_9.3.0/ARMTools/bin/../lib/gcc/arm-atollic-eabi/6.3.1/armv7e-m/fpu/fpv5-d16/libgcc.a(_udivmoddi4.o)
                0x0000000008000278                __udivmoddi4
 .text          0x0000000008000554        0x4 /opt/Atollic_TrueSTUDIO_for_STM32_x86_64_9.3.0/ARMTools/bin/../lib/gcc/arm-atollic-eabi/6.3.1/armv7e-m/fpu/fpv5-d16/libgcc.a(_dvmd_tls.o)
                0x0000000008000554                __aeabi_ldiv0
                0x0000000008000554                __aeabi_idiv0
 *(.text*)
 .text.HAL_InitTick
                0x0000000008000558       0x48 Drivers/STM32F7xx_HAL_Driver/Src/stm32f7xx_hal.o
                0x0000000008000558                HAL_InitTick
 .text.HAL_Init
                0x00000000080005a0       0x16 Drivers/STM32F7xx_HAL_Driver/Src/stm32f7xx_hal.o
                0x00000000080005a0                HAL_Init
 *fill*         0x00000000080005b6        0x2 
 .text.HAL_IncTick
                0x00000000080005b8       0x18 Drivers/STM32F7xx_HAL_Driver/Src/stm32f7xx_hal.o
                0x00000000080005b8                HAL_IncTick
 .text.HAL_GetTick
                0x00000000080005d0        0xc Drivers/STM32F7xx_HAL_Driver/Src/stm32f7xx_hal.o
                0x00000000080005d0                HAL_GetTick
 .text.HAL_Delay
                0x00000000080005dc       0x24 Drivers/STM32F7xx_HAL_Driver/Src/stm32f7xx_hal.o
                0x00000000080005dc                HAL_Delay
 .text.HAL_NVIC_SetPriorityGrouping
                0x0000000008000600       0x24 Drivers/STM32F7xx_HAL_Driver/Src/stm32f7xx_hal_cortex.o
                0x0000000008000600                HAL_NVIC_SetPriorityGrouping
 .text.HAL_NVIC_SetPriority
                0x0000000008000624       0x70 Drivers/STM32F7xx_HAL_Driver/Src/stm32f7xx_hal_cortex.o
                0x0000000008000624                HAL_NVIC_SetPriority
 .text.HAL_NVIC_EnableIRQ
                0x0000000008000694       0x1c Drivers/STM32F7xx_HAL_Driver/Src/stm32f7xx_hal_cortex.o
                0x0000000008000694                HAL_NVIC_EnableIRQ
 .text.HAL_SYSTICK_Config
                0x00000000080006b0       0x2c Drivers/STM32F7xx_HAL_Driver/Src/stm32f7xx_hal_cortex.o
                0x00000000080006b0                HAL_SYSTICK_Config
 .text.HAL_GPIO_Init
                0x00000000080006dc      0x1d4 Drivers/STM32F7xx_HAL_Driver/Src/stm32f7xx_hal_gpio.o
                0x00000000080006dc                HAL_GPIO_Init
 .text.HAL_GPIO_WritePin
                0x00000000080008b0        0xa Drivers/STM32F7xx_HAL_Driver/Src/stm32f7xx_hal_gpio.o
                0x00000000080008b0                HAL_GPIO_WritePin
 .text.HAL_GPIO_TogglePin
                0x00000000080008ba        0xe Drivers/STM32F7xx_HAL_Driver/Src/stm32f7xx_hal_gpio.o
                0x00000000080008ba                HAL_GPIO_TogglePin
 .text.HAL_PCD_Init
                0x00000000080008c8      0x10a Drivers/STM32F7xx_HAL_Driver/Src/stm32f7xx_hal_pcd.o
                0x00000000080008c8                HAL_PCD_Init
 .text.HAL_PCD_Start
                0x00000000080009d2       0x2a Drivers/STM32F7xx_HAL_Driver/Src/stm32f7xx_hal_pcd.o
                0x00000000080009d2                HAL_PCD_Start
 .text.HAL_PCD_IRQHandler
                0x00000000080009fc      0x5cc Drivers/STM32F7xx_HAL_Driver/Src/stm32f7xx_hal_pcd.o
                0x00000000080009fc                HAL_PCD_IRQHandler
 .text.HAL_PCD_SetAddress
                0x0000000008000fc8       0x28 Drivers/STM32F7xx_HAL_Driver/Src/stm32f7xx_hal_pcd.o
                0x0000000008000fc8                HAL_PCD_SetAddress
 .text.HAL_PCD_EP_Open
                0x0000000008000ff0       0x68 Drivers/STM32F7xx_HAL_Driver/Src/stm32f7xx_hal_pcd.o
                0x0000000008000ff0                HAL_PCD_EP_Open
 .text.HAL_PCD_EP_Close
                0x0000000008001058       0x56 Drivers/STM32F7xx_HAL_Driver/Src/stm32f7xx_hal_pcd.o
                0x0000000008001058                HAL_PCD_EP_Close
 .text.HAL_PCD_EP_Receive
                0x00000000080010ae       0x48 Drivers/STM32F7xx_HAL_Driver/Src/stm32f7xx_hal_pcd.o
                0x00000000080010ae                HAL_PCD_EP_Receive
 .text.HAL_PCD_EP_GetRxCount
                0x00000000080010f6       0x10 Drivers/STM32F7xx_HAL_Driver/Src/stm32f7xx_hal_pcd.o
                0x00000000080010f6                HAL_PCD_EP_GetRxCount
 .text.HAL_PCD_EP_Transmit
                0x0000000008001106       0x40 Drivers/STM32F7xx_HAL_Driver/Src/stm32f7xx_hal_pcd.o
                0x0000000008001106                HAL_PCD_EP_Transmit
 .text.HAL_PCD_EP_SetStall
                0x0000000008001146       0x74 Drivers/STM32F7xx_HAL_Driver/Src/stm32f7xx_hal_pcd.o
                0x0000000008001146                HAL_PCD_EP_SetStall
 .text.HAL_PCD_EP_ClrStall
                0x00000000080011ba       0x62 Drivers/STM32F7xx_HAL_Driver/Src/stm32f7xx_hal_pcd.o
                0x00000000080011ba                HAL_PCD_EP_ClrStall
 .text.HAL_PCDEx_SetTxFiFo
                0x000000000800121c       0x42 Drivers/STM32F7xx_HAL_Driver/Src/stm32f7xx_hal_pcd_ex.o
                0x000000000800121c                HAL_PCDEx_SetTxFiFo
 .text.HAL_PCDEx_SetRxFiFo
                0x000000000800125e        0x8 Drivers/STM32F7xx_HAL_Driver/Src/stm32f7xx_hal_pcd_ex.o
                0x000000000800125e                HAL_PCDEx_SetRxFiFo
 .text.HAL_PCDEx_ActivateLPM
                0x0000000008001266       0x26 Drivers/STM32F7xx_HAL_Driver/Src/stm32f7xx_hal_pcd_ex.o
                0x0000000008001266                HAL_PCDEx_ActivateLPM
 .text.HAL_PWR_EnableBkUpAccess
                0x000000000800128c       0x10 Drivers/STM32F7xx_HAL_Driver/Src/stm32f7xx_hal_pwr.o
                0x000000000800128c                HAL_PWR_EnableBkUpAccess
 .text.HAL_PWREx_EnableOverDrive
                0x000000000800129c       0x70 Drivers/STM32F7xx_HAL_Driver/Src/stm32f7xx_hal_pwr_ex.o
                0x000000000800129c                HAL_PWREx_EnableOverDrive
 .text.HAL_RCC_OscConfig
                0x000000000800130c      0x328 Drivers/STM32F7xx_HAL_Driver/Src/stm32f7xx_hal_rcc.o
                0x000000000800130c                HAL_RCC_OscConfig
 .text.HAL_RCC_GetSysClockFreq
                0x0000000008001634       0x5c Drivers/STM32F7xx_HAL_Driver/Src/stm32f7xx_hal_rcc.o
                0x0000000008001634                HAL_RCC_GetSysClockFreq
 .text.HAL_RCC_ClockConfig
                0x0000000008001690      0x13c Drivers/STM32F7xx_HAL_Driver/Src/stm32f7xx_hal_rcc.o
                0x0000000008001690                HAL_RCC_ClockConfig
 .text.HAL_RCC_GetHCLKFreq
                0x00000000080017cc        0xc Drivers/STM32F7xx_HAL_Driver/Src/stm32f7xx_hal_rcc.o
                0x00000000080017cc                HAL_RCC_GetHCLKFreq
 .text.HAL_RCC_GetPCLK1Freq
                0x00000000080017d8       0x20 Drivers/STM32F7xx_HAL_Driver/Src/stm32f7xx_hal_rcc.o
                0x00000000080017d8                HAL_RCC_GetPCLK1Freq
 .text.HAL_RCC_GetPCLK2Freq
                0x00000000080017f8       0x20 Drivers/STM32F7xx_HAL_Driver/Src/stm32f7xx_hal_rcc.o
                0x00000000080017f8                HAL_RCC_GetPCLK2Freq
 .text.HAL_RCCEx_PeriphCLKConfig
                0x0000000008001818      0x55c Drivers/STM32F7xx_HAL_Driver/Src/stm32f7xx_hal_rcc_ex.o
                0x0000000008001818                HAL_RCCEx_PeriphCLKConfig
 .text.HAL_SPI_Init
                0x0000000008001d74       0xaa Drivers/STM32F7xx_HAL_Driver/Src/stm32f7xx_hal_spi.o
                0x0000000008001d74                HAL_SPI_Init
 *fill*         0x0000000008001e1e        0x2 
 .text.TIM_OC1_SetConfig
                0x0000000008001e20       0x68 Drivers/STM32F7xx_HAL_Driver/Src/stm32f7xx_hal_tim.o
 .text.TIM_OC3_SetConfig
                0x0000000008001e88       0x70 Drivers/STM32F7xx_HAL_Driver/Src/stm32f7xx_hal_tim.o
 .text.TIM_OC4_SetConfig
                0x0000000008001ef8       0x50 Drivers/STM32F7xx_HAL_Driver/Src/stm32f7xx_hal_tim.o
 .text.TIM_OC5_SetConfig
                0x0000000008001f48       0x50 Drivers/STM32F7xx_HAL_Driver/Src/stm32f7xx_hal_tim.o
 .text.TIM_OC6_SetConfig
                0x0000000008001f98       0x50 Drivers/STM32F7xx_HAL_Driver/Src/stm32f7xx_hal_tim.o
 .text.HAL_TIM_OC_MspInit
                0x0000000008001fe8        0x2 Drivers/STM32F7xx_HAL_Driver/Src/stm32f7xx_hal_tim.o
                0x0000000008001fe8                HAL_TIM_OC_MspInit
 *fill*         0x0000000008001fea        0x2 
 .text.TIM_Base_SetConfig
                0x0000000008001fec       0xcc Drivers/STM32F7xx_HAL_Driver/Src/stm32f7xx_hal_tim.o
                0x0000000008001fec                TIM_Base_SetConfig
 .text.HAL_TIM_Base_Init
                0x00000000080020b8       0x34 Drivers/STM32F7xx_HAL_Driver/Src/stm32f7xx_hal_tim.o
                0x00000000080020b8                HAL_TIM_Base_Init
 .text.HAL_TIM_OC_Init
                0x00000000080020ec       0x34 Drivers/STM32F7xx_HAL_Driver/Src/stm32f7xx_hal_tim.o
                0x00000000080020ec                HAL_TIM_OC_Init
 .text.TIM_OC2_SetConfig
                0x0000000008002120       0x70 Drivers/STM32F7xx_HAL_Driver/Src/stm32f7xx_hal_tim.o
                0x0000000008002120                TIM_OC2_SetConfig
 .text.HAL_TIM_OC_ConfigChannel
                0x0000000008002190       0x70 Drivers/STM32F7xx_HAL_Driver/Src/stm32f7xx_hal_tim.o
                0x0000000008002190                HAL_TIM_OC_ConfigChannel
 .text.TIM_ETR_SetConfig
                0x0000000008002200       0x14 Drivers/STM32F7xx_HAL_Driver/Src/stm32f7xx_hal_tim.o
                0x0000000008002200                TIM_ETR_SetConfig
 .text.HAL_TIM_ConfigClockSource
                0x0000000008002214      0x128 Drivers/STM32F7xx_HAL_Driver/Src/stm32f7xx_hal_tim.o
                0x0000000008002214                HAL_TIM_ConfigClockSource
 .text.HAL_TIMEx_MasterConfigSynchronization
                0x000000000800233c       0x58 Drivers/STM32F7xx_HAL_Driver/Src/stm32f7xx_hal_tim_ex.o
                0x000000000800233c                HAL_TIMEx_MasterConfigSynchronization
 .text.HAL_TIMEx_ConfigBreakDeadTime
                0x0000000008002394       0x84 Drivers/STM32F7xx_HAL_Driver/Src/stm32f7xx_hal_tim_ex.o
                0x0000000008002394                HAL_TIMEx_ConfigBreakDeadTime
 .text.UART_SetConfig
                0x0000000008002418      0x288 Drivers/STM32F7xx_HAL_Driver/Src/stm32f7xx_hal_uart.o
                0x0000000008002418                UART_SetConfig
 .text.UART_AdvFeatureConfig
                0x00000000080026a0       0xaa Drivers/STM32F7xx_HAL_Driver/Src/stm32f7xx_hal_uart.o
                0x00000000080026a0                UART_AdvFeatureConfig
 .text.UART_WaitOnFlagUntilTimeout
                0x000000000800274a       0x5e Drivers/STM32F7xx_HAL_Driver/Src/stm32f7xx_hal_uart.o
                0x000000000800274a                UART_WaitOnFlagUntilTimeout
 .text.HAL_UART_Transmit
                0x00000000080027a8       0xae Drivers/STM32F7xx_HAL_Driver/Src/stm32f7xx_hal_uart.o
                0x00000000080027a8                HAL_UART_Transmit
 .text.UART_CheckIdleState
                0x0000000008002856       0x40 Drivers/STM32F7xx_HAL_Driver/Src/stm32f7xx_hal_uart.o
                0x0000000008002856                UART_CheckIdleState
 .text.HAL_UART_Init
                0x0000000008002896       0x5c Drivers/STM32F7xx_HAL_Driver/Src/stm32f7xx_hal_uart.o
                0x0000000008002896                HAL_UART_Init
 *fill*         0x00000000080028f2        0x2 
 .text.USB_CoreReset
                0x00000000080028f4       0x30 Drivers/STM32F7xx_HAL_Driver/Src/stm32f7xx_ll_usb.o
 .text.USB_CoreInit
                0x0000000008002924       0x76 Drivers/STM32F7xx_HAL_Driver/Src/stm32f7xx_ll_usb.o
                0x0000000008002924                USB_CoreInit
 *fill*         0x000000000800299a        0x2 
 .text.USB_SetTurnaroundTime
                0x000000000800299c       0xe8 Drivers/STM32F7xx_HAL_Driver/Src/stm32f7xx_ll_usb.o
                0x000000000800299c                USB_SetTurnaroundTime
 .text.USB_EnableGlobalInt
                0x0000000008002a84        0xc Drivers/STM32F7xx_HAL_Driver/Src/stm32f7xx_ll_usb.o
                0x0000000008002a84                USB_EnableGlobalInt
 .text.USB_DisableGlobalInt
                0x0000000008002a90        0xc Drivers/STM32F7xx_HAL_Driver/Src/stm32f7xx_ll_usb.o
                0x0000000008002a90                USB_DisableGlobalInt
 .text.USB_SetCurrentMode
                0x0000000008002a9c       0x2e Drivers/STM32F7xx_HAL_Driver/Src/stm32f7xx_ll_usb.o
                0x0000000008002a9c                USB_SetCurrentMode
 *fill*         0x0000000008002aca        0x2 
 .text.USB_FlushTxFifo
                0x0000000008002acc       0x24 Drivers/STM32F7xx_HAL_Driver/Src/stm32f7xx_ll_usb.o
                0x0000000008002acc                USB_FlushTxFifo
 .text.USB_FlushRxFifo
                0x0000000008002af0       0x20 Drivers/STM32F7xx_HAL_Driver/Src/stm32f7xx_ll_usb.o
                0x0000000008002af0                USB_FlushRxFifo
 .text.USB_SetDevSpeed
                0x0000000008002b10        0xe Drivers/STM32F7xx_HAL_Driver/Src/stm32f7xx_ll_usb.o
                0x0000000008002b10                USB_SetDevSpeed
 *fill*         0x0000000008002b1e        0x2 
 .text.USB_DevInit
                0x0000000008002b20      0x188 Drivers/STM32F7xx_HAL_Driver/Src/stm32f7xx_ll_usb.o
                0x0000000008002b20                USB_DevInit
 .text.USB_GetDevSpeed
                0x0000000008002ca8       0x16 Drivers/STM32F7xx_HAL_Driver/Src/stm32f7xx_ll_usb.o
                0x0000000008002ca8                USB_GetDevSpeed
 .text.USB_ActivateEndpoint
                0x0000000008002cbe       0x82 Drivers/STM32F7xx_HAL_Driver/Src/stm32f7xx_ll_usb.o
                0x0000000008002cbe                USB_ActivateEndpoint
 .text.USB_DeactivateEndpoint
                0x0000000008002d40       0x64 Drivers/STM32F7xx_HAL_Driver/Src/stm32f7xx_ll_usb.o
                0x0000000008002d40                USB_DeactivateEndpoint
 .text.USB_EP0StartXfer
                0x0000000008002da4      0x108 Drivers/STM32F7xx_HAL_Driver/Src/stm32f7xx_ll_usb.o
                0x0000000008002da4                USB_EP0StartXfer
 .text.USB_WritePacket
                0x0000000008002eac       0x28 Drivers/STM32F7xx_HAL_Driver/Src/stm32f7xx_ll_usb.o
                0x0000000008002eac                USB_WritePacket
 .text.USB_EPStartXfer
                0x0000000008002ed4      0x1a8 Drivers/STM32F7xx_HAL_Driver/Src/stm32f7xx_ll_usb.o
                0x0000000008002ed4                USB_EPStartXfer
 .text.USB_ReadPacket
                0x000000000800307c       0x1c Drivers/STM32F7xx_HAL_Driver/Src/stm32f7xx_ll_usb.o
                0x000000000800307c                USB_ReadPacket
 .text.USB_EPSetStall
                0x0000000008003098       0x5a Drivers/STM32F7xx_HAL_Driver/Src/stm32f7xx_ll_usb.o
                0x0000000008003098                USB_EPSetStall
 .text.USB_EPClearStall
                0x00000000080030f2       0x56 Drivers/STM32F7xx_HAL_Driver/Src/stm32f7xx_ll_usb.o
                0x00000000080030f2                USB_EPClearStall
 .text.USB_SetDevAddress
                0x0000000008003148       0x20 Drivers/STM32F7xx_HAL_Driver/Src/stm32f7xx_ll_usb.o
                0x0000000008003148                USB_SetDevAddress
 .text.USB_DevConnect
                0x0000000008003168       0x18 Drivers/STM32F7xx_HAL_Driver/Src/stm32f7xx_ll_usb.o
                0x0000000008003168                USB_DevConnect
 .text.USB_DevDisconnect
                0x0000000008003180       0x18 Drivers/STM32F7xx_HAL_Driver/Src/stm32f7xx_ll_usb.o
                0x0000000008003180                USB_DevDisconnect
 .text.USB_ReadInterrupts
                0x0000000008003198        0x8 Drivers/STM32F7xx_HAL_Driver/Src/stm32f7xx_ll_usb.o
                0x0000000008003198                USB_ReadInterrupts
 .text.USB_ReadDevAllOutEpInterrupt
                0x00000000080031a0       0x10 Drivers/STM32F7xx_HAL_Driver/Src/stm32f7xx_ll_usb.o
                0x00000000080031a0                USB_ReadDevAllOutEpInterrupt
 .text.USB_ReadDevAllInEpInterrupt
                0x00000000080031b0       0x10 Drivers/STM32F7xx_HAL_Driver/Src/stm32f7xx_ll_usb.o
                0x00000000080031b0                USB_ReadDevAllInEpInterrupt
 .text.USB_ReadDevOutEPInterrupt
                0x00000000080031c0       0x12 Drivers/STM32F7xx_HAL_Driver/Src/stm32f7xx_ll_usb.o
                0x00000000080031c0                USB_ReadDevOutEPInterrupt
 .text.USB_ReadDevInEPInterrupt
                0x00000000080031d2       0x24 Drivers/STM32F7xx_HAL_Driver/Src/stm32f7xx_ll_usb.o
                0x00000000080031d2                USB_ReadDevInEPInterrupt
 .text.USB_GetMode
                0x00000000080031f6        0x8 Drivers/STM32F7xx_HAL_Driver/Src/stm32f7xx_ll_usb.o
                0x00000000080031f6                USB_GetMode
 .text.USB_ActivateSetup
                0x00000000080031fe       0x36 Drivers/STM32F7xx_HAL_Driver/Src/stm32f7xx_ll_usb.o
                0x00000000080031fe                USB_ActivateSetup
 .text.USB_EP0_OutStart
                0x0000000008003234       0x58 Drivers/STM32F7xx_HAL_Driver/Src/stm32f7xx_ll_usb.o
                0x0000000008003234                USB_EP0_OutStart
 .text.USBD_CDC_EP0_RxReady
                0x000000000800328c       0x28 Middlewares/ST/STM32_USB_Device_Library/Class/CDC/Src/usbd_cdc.o
 .text.USBD_CDC_GetFSCfgDesc
                0x00000000080032b4        0xc Middlewares/ST/STM32_USB_Device_Library/Class/CDC/Src/usbd_cdc.o
 .text.USBD_CDC_GetHSCfgDesc
                0x00000000080032c0        0xc Middlewares/ST/STM32_USB_Device_Library/Class/CDC/Src/usbd_cdc.o
 .text.USBD_CDC_GetOtherSpeedCfgDesc
                0x00000000080032cc        0xc Middlewares/ST/STM32_USB_Device_Library/Class/CDC/Src/usbd_cdc.o
 .text.USBD_CDC_GetDeviceQualifierDescriptor
                0x00000000080032d8        0xc Middlewares/ST/STM32_USB_Device_Library/Class/CDC/Src/usbd_cdc.o
                0x00000000080032d8                USBD_CDC_GetDeviceQualifierDescriptor
 .text.USBD_CDC_DataOut
                0x00000000080032e4       0x2e Middlewares/ST/STM32_USB_Device_Library/Class/CDC/Src/usbd_cdc.o
 .text.USBD_CDC_DataIn
                0x0000000008003312       0x42 Middlewares/ST/STM32_USB_Device_Library/Class/CDC/Src/usbd_cdc.o
 .text.USBD_CDC_Setup
                0x0000000008003354       0xbc Middlewares/ST/STM32_USB_Device_Library/Class/CDC/Src/usbd_cdc.o
 .text.USBD_CDC_DeInit
                0x0000000008003410       0x42 Middlewares/ST/STM32_USB_Device_Library/Class/CDC/Src/usbd_cdc.o
 .text.USBD_CDC_Init
                0x0000000008003452       0xaa Middlewares/ST/STM32_USB_Device_Library/Class/CDC/Src/usbd_cdc.o
 .text.USBD_CDC_RegisterInterface
                0x00000000080034fc        0xe Middlewares/ST/STM32_USB_Device_Library/Class/CDC/Src/usbd_cdc.o
                0x00000000080034fc                USBD_CDC_RegisterInterface
 .text.USBD_CDC_SetTxBuffer
                0x000000000800350a       0x10 Middlewares/ST/STM32_USB_Device_Library/Class/CDC/Src/usbd_cdc.o
                0x000000000800350a                USBD_CDC_SetTxBuffer
 .text.USBD_CDC_SetRxBuffer
                0x000000000800351a        0xc Middlewares/ST/STM32_USB_Device_Library/Class/CDC/Src/usbd_cdc.o
                0x000000000800351a                USBD_CDC_SetRxBuffer
 .text.USBD_CDC_ReceivePacket
                0x0000000008003526       0x26 Middlewares/ST/STM32_USB_Device_Library/Class/CDC/Src/usbd_cdc.o
                0x0000000008003526                USBD_CDC_ReceivePacket
 .text.USBD_Init
                0x000000000800354c       0x2a Middlewares/ST/STM32_USB_Device_Library/Core/Src/usbd_core.o
                0x000000000800354c                USBD_Init
 .text.USBD_RegisterClass
                0x0000000008003576        0xe Middlewares/ST/STM32_USB_Device_Library/Core/Src/usbd_core.o
                0x0000000008003576                USBD_RegisterClass
 .text.USBD_Start
                0x0000000008003584        0xa Middlewares/ST/STM32_USB_Device_Library/Core/Src/usbd_core.o
                0x0000000008003584                USBD_Start
 .text.USBD_SetClassConfig
                0x000000000800358e       0x16 Middlewares/ST/STM32_USB_Device_Library/Core/Src/usbd_core.o
                0x000000000800358e                USBD_SetClassConfig
 .text.USBD_ClrClassConfig
                0x00000000080035a4        0xe Middlewares/ST/STM32_USB_Device_Library/Core/Src/usbd_core.o
                0x00000000080035a4                USBD_ClrClassConfig
 .text.USBD_LL_SetupStage
                0x00000000080035b2       0x5a Middlewares/ST/STM32_USB_Device_Library/Core/Src/usbd_core.o
                0x00000000080035b2                USBD_LL_SetupStage
 .text.USBD_LL_DataOutStage
                0x000000000800360c       0x74 Middlewares/ST/STM32_USB_Device_Library/Core/Src/usbd_core.o
                0x000000000800360c                USBD_LL_DataOutStage
 .text.USBD_LL_DataInStage
                0x0000000008003680       0xb6 Middlewares/ST/STM32_USB_Device_Library/Core/Src/usbd_core.o
                0x0000000008003680                USBD_LL_DataInStage
 .text.USBD_LL_Reset
                0x0000000008003736       0x4e Middlewares/ST/STM32_USB_Device_Library/Core/Src/usbd_core.o
                0x0000000008003736                USBD_LL_Reset
 .text.USBD_LL_SetSpeed
                0x0000000008003784        0x6 Middlewares/ST/STM32_USB_Device_Library/Core/Src/usbd_core.o
                0x0000000008003784                USBD_LL_SetSpeed
 .text.USBD_LL_Suspend
                0x000000000800378a       0x12 Middlewares/ST/STM32_USB_Device_Library/Core/Src/usbd_core.o
                0x000000000800378a                USBD_LL_Suspend
 .text.USBD_LL_Resume
                0x000000000800379c        0xc Middlewares/ST/STM32_USB_Device_Library/Core/Src/usbd_core.o
                0x000000000800379c                USBD_LL_Resume
 .text.USBD_LL_SOF
                0x00000000080037a8       0x18 Middlewares/ST/STM32_USB_Device_Library/Core/Src/usbd_core.o
                0x00000000080037a8                USBD_LL_SOF
 .text.USBD_LL_IsoINIncomplete
                0x00000000080037c0        0x4 Middlewares/ST/STM32_USB_Device_Library/Core/Src/usbd_core.o
                0x00000000080037c0                USBD_LL_IsoINIncomplete
 .text.USBD_LL_IsoOUTIncomplete
                0x00000000080037c4        0x4 Middlewares/ST/STM32_USB_Device_Library/Core/Src/usbd_core.o
                0x00000000080037c4                USBD_LL_IsoOUTIncomplete
 .text.USBD_LL_DevConnected
                0x00000000080037c8        0x4 Middlewares/ST/STM32_USB_Device_Library/Core/Src/usbd_core.o
                0x00000000080037c8                USBD_LL_DevConnected
 .text.USBD_LL_DevDisconnected
                0x00000000080037cc       0x16 Middlewares/ST/STM32_USB_Device_Library/Core/Src/usbd_core.o
                0x00000000080037cc                USBD_LL_DevDisconnected
 .text.USBD_CtlError.constprop.1
                0x00000000080037e2       0x16 Middlewares/ST/STM32_USB_Device_Library/Core/Src/usbd_ctlreq.o
 .text.USBD_StdDevReq
                0x00000000080037f8      0x244 Middlewares/ST/STM32_USB_Device_Library/Core/Src/usbd_ctlreq.o
                0x00000000080037f8                USBD_StdDevReq
 .text.USBD_StdItfReq
                0x0000000008003a3c       0x4a Middlewares/ST/STM32_USB_Device_Library/Core/Src/usbd_ctlreq.o
                0x0000000008003a3c                USBD_StdItfReq
 .text.USBD_StdEPReq
                0x0000000008003a86      0x114 Middlewares/ST/STM32_USB_Device_Library/Core/Src/usbd_ctlreq.o
                0x0000000008003a86                USBD_StdEPReq
 .text.USBD_ParseSetupRequest
                0x0000000008003b9a       0x28 Middlewares/ST/STM32_USB_Device_Library/Core/Src/usbd_ctlreq.o
                0x0000000008003b9a                USBD_ParseSetupRequest
 .text.USBD_CtlError
                0x0000000008003bc2       0x16 Middlewares/ST/STM32_USB_Device_Library/Core/Src/usbd_ctlreq.o
                0x0000000008003bc2                USBD_CtlError
 .text.USBD_GetString
                0x0000000008003bd8       0x38 Middlewares/ST/STM32_USB_Device_Library/Core/Src/usbd_ctlreq.o
                0x0000000008003bd8                USBD_GetString
 .text.USBD_CtlSendData
                0x0000000008003c10       0x1a Middlewares/ST/STM32_USB_Device_Library/Core/Src/usbd_ioreq.o
                0x0000000008003c10                USBD_CtlSendData
 .text.USBD_CtlContinueSendData
                0x0000000008003c2a       0x10 Middlewares/ST/STM32_USB_Device_Library/Core/Src/usbd_ioreq.o
                0x0000000008003c2a                USBD_CtlContinueSendData
 .text.USBD_CtlPrepareRx
                0x0000000008003c3a       0x1e Middlewares/ST/STM32_USB_Device_Library/Core/Src/usbd_ioreq.o
                0x0000000008003c3a                USBD_CtlPrepareRx
 .text.USBD_CtlContinueRx
                0x0000000008003c58       0x10 Middlewares/ST/STM32_USB_Device_Library/Core/Src/usbd_ioreq.o
                0x0000000008003c58                USBD_CtlContinueRx
 .text.USBD_CtlSendStatus
                0x0000000008003c68       0x16 Middlewares/ST/STM32_USB_Device_Library/Core/Src/usbd_ioreq.o
                0x0000000008003c68                USBD_CtlSendStatus
 .text.USBD_CtlReceiveStatus
                0x0000000008003c7e       0x16 Middlewares/ST/STM32_USB_Device_Library/Core/Src/usbd_ioreq.o
                0x0000000008003c7e                USBD_CtlReceiveStatus
 .text.SystemClock_Config
                0x0000000008003c94       0xb4 Src/main.o
                0x0000000008003c94                SystemClock_Config
 .text.startup.main
                0x0000000008003d48      0x31c Src/main.o
                0x0000000008003d48                main
 .text.Error_Handler
                0x0000000008004064        0x2 Src/main.o
                0x0000000008004064                Error_Handler
 *fill*         0x0000000008004066        0x2 
 .text.HAL_MspInit
                0x0000000008004068       0x30 Src/stm32f7xx_hal_msp.o
                0x0000000008004068                HAL_MspInit
 .text.HAL_SPI_MspInit
                0x0000000008004098       0x90 Src/stm32f7xx_hal_msp.o
                0x0000000008004098                HAL_SPI_MspInit
 .text.HAL_TIM_Base_MspInit
                0x0000000008004128       0x28 Src/stm32f7xx_hal_msp.o
                0x0000000008004128                HAL_TIM_Base_MspInit
 .text.HAL_TIM_MspPostInit
                0x0000000008004150       0x54 Src/stm32f7xx_hal_msp.o
                0x0000000008004150                HAL_TIM_MspPostInit
 .text.HAL_UART_MspInit
                0x00000000080041a4       0x68 Src/stm32f7xx_hal_msp.o
                0x00000000080041a4                HAL_UART_MspInit
 .text.NMI_Handler
                0x000000000800420c        0x2 Src/stm32f7xx_it.o
                0x000000000800420c                NMI_Handler
 .text.HardFault_Handler
                0x000000000800420e        0x2 Src/stm32f7xx_it.o
                0x000000000800420e                HardFault_Handler
 .text.MemManage_Handler
                0x0000000008004210        0x2 Src/stm32f7xx_it.o
                0x0000000008004210                MemManage_Handler
 .text.BusFault_Handler
                0x0000000008004212        0x2 Src/stm32f7xx_it.o
                0x0000000008004212                BusFault_Handler
 .text.UsageFault_Handler
                0x0000000008004214        0x2 Src/stm32f7xx_it.o
                0x0000000008004214                UsageFault_Handler
 .text.SVC_Handler
                0x0000000008004216        0x2 Src/stm32f7xx_it.o
                0x0000000008004216                SVC_Handler
 .text.DebugMon_Handler
                0x0000000008004218        0x2 Src/stm32f7xx_it.o
                0x0000000008004218                DebugMon_Handler
 .text.PendSV_Handler
                0x000000000800421a        0x2 Src/stm32f7xx_it.o
                0x000000000800421a                PendSV_Handler
 .text.SysTick_Handler
                0x000000000800421c        0x4 Src/stm32f7xx_it.o
                0x000000000800421c                SysTick_Handler
 .text.OTG_FS_IRQHandler
                0x0000000008004220        0xc Src/stm32f7xx_it.o
                0x0000000008004220                OTG_FS_IRQHandler
 .text._sbrk    0x000000000800422c       0x34 Src/syscalls.o
                0x000000000800422c                _sbrk
 .text.SystemInit
                0x0000000008004260       0x4c Src/system_stm32f7xx.o
                0x0000000008004260                SystemInit
 .text.MX_USB_DEVICE_Init
                0x00000000080042ac       0x50 Src/usb_device.o
                0x00000000080042ac                MX_USB_DEVICE_Init
 .text.CDC_DeInit_FS
                0x00000000080042fc        0x4 Src/usbd_cdc_if.o
 .text.CDC_Control_FS
                0x0000000008004300        0x4 Src/usbd_cdc_if.o
 .text.CDC_Receive_FS
                0x0000000008004304       0x1c Src/usbd_cdc_if.o
 .text.CDC_Init_FS
                0x0000000008004320       0x28 Src/usbd_cdc_if.o
 .text.HAL_PCD_MspInit
                0x0000000008004348       0x90 Src/usbd_conf.o
                0x0000000008004348                HAL_PCD_MspInit
 .text.HAL_PCD_SetupStageCallback
                0x00000000080043d8        0xc Src/usbd_conf.o
                0x00000000080043d8                HAL_PCD_SetupStageCallback
 .text.HAL_PCD_DataOutStageCallback
                0x00000000080043e4       0x12 Src/usbd_conf.o
                0x00000000080043e4                HAL_PCD_DataOutStageCallback
 .text.HAL_PCD_DataInStageCallback
                0x00000000080043f6       0x10 Src/usbd_conf.o
                0x00000000080043f6                HAL_PCD_DataInStageCallback
 .text.HAL_PCD_SOFCallback
                0x0000000008004406        0x8 Src/usbd_conf.o
                0x0000000008004406                HAL_PCD_SOFCallback
 .text.HAL_PCD_ResetCallback
                0x000000000800440e       0x26 Src/usbd_conf.o
                0x000000000800440e                HAL_PCD_ResetCallback
 .text.HAL_PCD_SuspendCallback
                0x0000000008004434       0x30 Src/usbd_conf.o
                0x0000000008004434                HAL_PCD_SuspendCallback
 .text.HAL_PCD_ResumeCallback
                0x0000000008004464        0x8 Src/usbd_conf.o
                0x0000000008004464                HAL_PCD_ResumeCallback
 .text.HAL_PCD_ISOOUTIncompleteCallback
                0x000000000800446c        0x8 Src/usbd_conf.o
                0x000000000800446c                HAL_PCD_ISOOUTIncompleteCallback
 .text.HAL_PCD_ISOINIncompleteCallback
                0x0000000008004474        0x8 Src/usbd_conf.o
                0x0000000008004474                HAL_PCD_ISOINIncompleteCallback
 .text.HAL_PCD_ConnectCallback
                0x000000000800447c        0x8 Src/usbd_conf.o
                0x000000000800447c                HAL_PCD_ConnectCallback
 .text.HAL_PCD_DisconnectCallback
                0x0000000008004484        0x8 Src/usbd_conf.o
                0x0000000008004484                HAL_PCD_DisconnectCallback
 .text.USBD_LL_Init
                0x000000000800448c       0x60 Src/usbd_conf.o
                0x000000000800448c                USBD_LL_Init
 .text.USBD_LL_Start
                0x00000000080044ec       0x1c Src/usbd_conf.o
                0x00000000080044ec                USBD_LL_Start
 .text.USBD_LL_OpenEP
                0x0000000008004508       0x20 Src/usbd_conf.o
                0x0000000008004508                USBD_LL_OpenEP
 .text.USBD_LL_CloseEP
                0x0000000008004528       0x1c Src/usbd_conf.o
                0x0000000008004528                USBD_LL_CloseEP
 .text.USBD_LL_StallEP
                0x0000000008004544       0x1c Src/usbd_conf.o
                0x0000000008004544                USBD_LL_StallEP
 .text.USBD_LL_ClearStallEP
                0x0000000008004560       0x1c Src/usbd_conf.o
                0x0000000008004560                USBD_LL_ClearStallEP
 .text.USBD_LL_IsStallEP
                0x000000000800457c       0x26 Src/usbd_conf.o
                0x000000000800457c                USBD_LL_IsStallEP
 *fill*         0x00000000080045a2        0x2 
 .text.USBD_LL_SetUSBAddress
                0x00000000080045a4       0x1c Src/usbd_conf.o
                0x00000000080045a4                USBD_LL_SetUSBAddress
 .text.USBD_LL_Transmit
                0x00000000080045c0       0x1c Src/usbd_conf.o
                0x00000000080045c0                USBD_LL_Transmit
 .text.USBD_LL_PrepareReceive
                0x00000000080045dc       0x1c Src/usbd_conf.o
                0x00000000080045dc                USBD_LL_PrepareReceive
 .text.USBD_LL_GetRxDataSize
                0x00000000080045f8        0x8 Src/usbd_conf.o
                0x00000000080045f8                USBD_LL_GetRxDataSize
 .text.HAL_PCDEx_LPM_Callback
                0x0000000008004600       0x64 Src/usbd_conf.o
                0x0000000008004600                HAL_PCDEx_LPM_Callback
 .text.USBD_FS_DeviceDescriptor
                0x0000000008004664        0xc Src/usbd_desc.o
                0x0000000008004664                USBD_FS_DeviceDescriptor
 .text.USBD_FS_LangIDStrDescriptor
                0x0000000008004670        0xc Src/usbd_desc.o
                0x0000000008004670                USBD_FS_LangIDStrDescriptor
 .text.USBD_FS_USR_BOSDescriptor
                0x000000000800467c        0xc Src/usbd_desc.o
                0x000000000800467c                USBD_FS_USR_BOSDescriptor
 .text.IntToUnicode
                0x0000000008004688       0x28 Src/usbd_desc.o
 .text.USBD_FS_SerialStrDescriptor
                0x00000000080046b0       0x40 Src/usbd_desc.o
                0x00000000080046b0                USBD_FS_SerialStrDescriptor
 .text.USBD_FS_ManufacturerStrDescriptor
                0x00000000080046f0       0x1c Src/usbd_desc.o
                0x00000000080046f0                USBD_FS_ManufacturerStrDescriptor
 .text.USBD_FS_ProductStrDescriptor
                0x000000000800470c       0x1c Src/usbd_desc.o
                0x000000000800470c                USBD_FS_ProductStrDescriptor
 .text.USBD_FS_ConfigStrDescriptor
                0x0000000008004728       0x1c Src/usbd_desc.o
                0x0000000008004728                USBD_FS_ConfigStrDescriptor
 .text.USBD_FS_InterfaceStrDescriptor
                0x0000000008004744       0x1c Src/usbd_desc.o
                0x0000000008004744                USBD_FS_InterfaceStrDescriptor
 .text.print_hello_world
                0x0000000008004760       0x30 debug_uart/debug_uart.o
                0x0000000008004760                print_hello_world
 .text.Reset_Handler
                0x0000000008004790       0x50 startup/startup_stm32f767xx.o
                0x0000000008004790                Reset_Handler
 .text.Default_Handler
                0x00000000080047e0        0x2 startup/startup_stm32f767xx.o
                0x00000000080047e0                RTC_Alarm_IRQHandler
                0x00000000080047e0                EXTI2_IRQHandler
                0x00000000080047e0                TIM8_CC_IRQHandler
                0x00000000080047e0                UART8_IRQHandler
                0x00000000080047e0                SPI4_IRQHandler
                0x00000000080047e0                TIM1_CC_IRQHandler
                0x00000000080047e0                DMA2_Stream5_IRQHandler
                0x00000000080047e0                JPEG_IRQHandler
                0x00000000080047e0                DMA1_Stream5_IRQHandler
                0x00000000080047e0                CAN3_RX1_IRQHandler
                0x00000000080047e0                PVD_IRQHandler
                0x00000000080047e0                TAMP_STAMP_IRQHandler
                0x00000000080047e0                CAN2_RX1_IRQHandler
                0x00000000080047e0                EXTI3_IRQHandler
                0x00000000080047e0                TIM8_TRG_COM_TIM14_IRQHandler
                0x00000000080047e0                DFSDM1_FLT1_IRQHandler
                0x00000000080047e0                TIM1_UP_TIM10_IRQHandler
                0x00000000080047e0                TIM8_UP_TIM13_IRQHandler
                0x00000000080047e0                I2C3_ER_IRQHandler
                0x00000000080047e0                DFSDM1_FLT2_IRQHandler
                0x00000000080047e0                EXTI0_IRQHandler
                0x00000000080047e0                I2C2_EV_IRQHandler
                0x00000000080047e0                DMA1_Stream2_IRQHandler
                0x00000000080047e0                CAN1_RX0_IRQHandler
                0x00000000080047e0                FPU_IRQHandler
                0x00000000080047e0                OTG_HS_WKUP_IRQHandler
                0x00000000080047e0                CAN3_SCE_IRQHandler
                0x00000000080047e0                LTDC_ER_IRQHandler
                0x00000000080047e0                CAN2_SCE_IRQHandler
                0x00000000080047e0                DMA2_Stream2_IRQHandler
                0x00000000080047e0                SPI1_IRQHandler
                0x00000000080047e0                TIM6_DAC_IRQHandler
                0x00000000080047e0                TIM1_BRK_TIM9_IRQHandler
                0x00000000080047e0                DCMI_IRQHandler
                0x00000000080047e0                CAN2_RX0_IRQHandler
                0x00000000080047e0                DMA2_Stream3_IRQHandler
                0x00000000080047e0                SAI2_IRQHandler
                0x00000000080047e0                DFSDM1_FLT3_IRQHandler
                0x00000000080047e0                USART6_IRQHandler
                0x00000000080047e0                CAN3_RX0_IRQHandler
                0x00000000080047e0                USART3_IRQHandler
                0x00000000080047e0                CAN1_RX1_IRQHandler
                0x00000000080047e0                UART5_IRQHandler
                0x00000000080047e0                DMA2_Stream0_IRQHandler
                0x00000000080047e0                TIM4_IRQHandler
                0x00000000080047e0                QUADSPI_IRQHandler
                0x00000000080047e0                I2C1_EV_IRQHandler
                0x00000000080047e0                DMA1_Stream6_IRQHandler
                0x00000000080047e0                DMA1_Stream1_IRQHandler
                0x00000000080047e0                UART4_IRQHandler
                0x00000000080047e0                TIM3_IRQHandler
                0x00000000080047e0                RCC_IRQHandler
                0x00000000080047e0                TIM8_BRK_TIM12_IRQHandler
                0x00000000080047e0                Default_Handler
                0x00000000080047e0                CEC_IRQHandler
                0x00000000080047e0                EXTI15_10_IRQHandler
                0x00000000080047e0                ADC_IRQHandler
                0x00000000080047e0                DMA1_Stream7_IRQHandler
                0x00000000080047e0                SPI5_IRQHandler
                0x00000000080047e0                TIM7_IRQHandler
                0x00000000080047e0                SDMMC1_IRQHandler
                0x00000000080047e0                CAN2_TX_IRQHandler
                0x00000000080047e0                TIM5_IRQHandler
                0x00000000080047e0                DMA2_Stream7_IRQHandler
                0x00000000080047e0                I2C3_EV_IRQHandler
                0x00000000080047e0                EXTI9_5_IRQHandler
                0x00000000080047e0                RTC_WKUP_IRQHandler
                0x00000000080047e0                LTDC_IRQHandler
                0x00000000080047e0                ETH_WKUP_IRQHandler
                0x00000000080047e0                SPDIF_RX_IRQHandler
                0x00000000080047e0                SPI2_IRQHandler
                0x00000000080047e0                OTG_HS_EP1_IN_IRQHandler
                0x00000000080047e0                DMA1_Stream0_IRQHandler
                0x00000000080047e0                CAN1_TX_IRQHandler
                0x00000000080047e0                EXTI4_IRQHandler
                0x00000000080047e0                RNG_IRQHandler
                0x00000000080047e0                ETH_IRQHandler
                0x00000000080047e0                OTG_HS_EP1_OUT_IRQHandler
                0x00000000080047e0                WWDG_IRQHandler
                0x00000000080047e0                SPI6_IRQHandler
                0x00000000080047e0                MDIOS_IRQHandler
                0x00000000080047e0                I2C4_EV_IRQHandler
                0x00000000080047e0                CAN3_TX_IRQHandler
                0x00000000080047e0                TIM2_IRQHandler
                0x00000000080047e0                OTG_FS_WKUP_IRQHandler
                0x00000000080047e0                TIM1_TRG_COM_TIM11_IRQHandler
                0x00000000080047e0                OTG_HS_IRQHandler
                0x00000000080047e0                DMA2D_IRQHandler
                0x00000000080047e0                EXTI1_IRQHandler
                0x00000000080047e0                SDMMC2_IRQHandler
                0x00000000080047e0                UART7_IRQHandler
                0x00000000080047e0                USART2_IRQHandler
                0x00000000080047e0                DFSDM1_FLT0_IRQHandler
                0x00000000080047e0                I2C2_ER_IRQHandler
                0x00000000080047e0                DMA2_Stream1_IRQHandler
                0x00000000080047e0                CAN1_SCE_IRQHandler
                0x00000000080047e0                FLASH_IRQHandler
                0x00000000080047e0                DMA2_Stream4_IRQHandler
                0x00000000080047e0                USART1_IRQHandler
                0x00000000080047e0                SPI3_IRQHandler
                0x00000000080047e0                DMA1_Stream4_IRQHandler
                0x00000000080047e0                I2C1_ER_IRQHandler
                0x00000000080047e0                FMC_IRQHandler
                0x00000000080047e0                LPTIM1_IRQHandler
                0x00000000080047e0                I2C4_ER_IRQHandler
                0x00000000080047e0                DMA2_Stream6_IRQHandler
                0x00000000080047e0                SAI1_IRQHandler
                0x00000000080047e0                DMA1_Stream3_IRQHandler
 *fill*         0x00000000080047e2        0x2 
 .text.__errno  0x00000000080047e4        0xc /opt/Atollic_TrueSTUDIO_for_STM32_x86_64_9.3.0/ARMTools/bin/../lib/gcc/arm-atollic-eabi/6.3.1/../../../../arm-atollic-eabi/lib/armv7e-m/fpu/fpv5-d16/libc_nano.a(lib_a-errno.o)
                0x00000000080047e4                __errno
 .text.__libc_init_array
                0x00000000080047f0       0x48 /opt/Atollic_TrueSTUDIO_for_STM32_x86_64_9.3.0/ARMTools/bin/../lib/gcc/arm-atollic-eabi/6.3.1/../../../../arm-atollic-eabi/lib/armv7e-m/fpu/fpv5-d16/libc_nano.a(lib_a-init.o)
                0x00000000080047f0                __libc_init_array
 .text.malloc   0x0000000008004838       0x10 /opt/Atollic_TrueSTUDIO_for_STM32_x86_64_9.3.0/ARMTools/bin/../lib/gcc/arm-atollic-eabi/6.3.1/../../../../arm-atollic-eabi/lib/armv7e-m/fpu/fpv5-d16/libc_nano.a(lib_a-malloc.o)
                0x0000000008004838                malloc
 .text.free     0x0000000008004848       0x10 /opt/Atollic_TrueSTUDIO_for_STM32_x86_64_9.3.0/ARMTools/bin/../lib/gcc/arm-atollic-eabi/6.3.1/../../../../arm-atollic-eabi/lib/armv7e-m/fpu/fpv5-d16/libc_nano.a(lib_a-malloc.o)
                0x0000000008004848                free
 .text.memset   0x0000000008004858       0x10 /opt/Atollic_TrueSTUDIO_for_STM32_x86_64_9.3.0/ARMTools/bin/../lib/gcc/arm-atollic-eabi/6.3.1/../../../../arm-atollic-eabi/lib/armv7e-m/fpu/fpv5-d16/libc_nano.a(lib_a-memset.o)
                0x0000000008004858                memset
 .text._free_r  0x0000000008004868       0x9c /opt/Atollic_TrueSTUDIO_for_STM32_x86_64_9.3.0/ARMTools/bin/../lib/gcc/arm-atollic-eabi/6.3.1/../../../../arm-atollic-eabi/lib/armv7e-m/fpu/fpv5-d16/libc_nano.a(lib_a-nano-freer.o)
                0x0000000008004868                _free_r
 .text._malloc_r
                0x0000000008004904       0xbc /opt/Atollic_TrueSTUDIO_for_STM32_x86_64_9.3.0/ARMTools/bin/../lib/gcc/arm-atollic-eabi/6.3.1/../../../../arm-atollic-eabi/lib/armv7e-m/fpu/fpv5-d16/libc_nano.a(lib_a-nano-mallocr.o)
                0x0000000008004904                _malloc_r
 .text._sbrk_r  0x00000000080049c0       0x20 /opt/Atollic_TrueSTUDIO_for_STM32_x86_64_9.3.0/ARMTools/bin/../lib/gcc/arm-atollic-eabi/6.3.1/../../../../arm-atollic-eabi/lib/armv7e-m/fpu/fpv5-d16/libc_nano.a(lib_a-sbrkr.o)
                0x00000000080049c0                _sbrk_r
 .text.strcpy   0x00000000080049e0       0x10 /opt/Atollic_TrueSTUDIO_for_STM32_x86_64_9.3.0/ARMTools/bin/../lib/gcc/arm-atollic-eabi/6.3.1/../../../../arm-atollic-eabi/lib/armv7e-m/fpu/fpv5-d16/libc_nano.a(lib_a-strcpy.o)
                0x00000000080049e0                strcpy
 .text.__malloc_lock
                0x00000000080049f0        0x2 /opt/Atollic_TrueSTUDIO_for_STM32_x86_64_9.3.0/ARMTools/bin/../lib/gcc/arm-atollic-eabi/6.3.1/../../../../arm-atollic-eabi/lib/armv7e-m/fpu/fpv5-d16/libc_nano.a(lib_a-mlock.o)
                0x00000000080049f0                __malloc_lock
 .text.__malloc_unlock
                0x00000000080049f2        0x2 /opt/Atollic_TrueSTUDIO_for_STM32_x86_64_9.3.0/ARMTools/bin/../lib/gcc/arm-atollic-eabi/6.3.1/../../../../arm-atollic-eabi/lib/armv7e-m/fpu/fpv5-d16/libc_nano.a(lib_a-mlock.o)
                0x00000000080049f2                __malloc_unlock
 *(.glue_7)
 .glue_7        0x00000000080049f4        0x0 linker stubs
 *(.glue_7t)
 .glue_7t       0x00000000080049f4        0x0 linker stubs
 *(.eh_frame)
 .eh_frame      0x00000000080049f4        0x0 /opt/Atollic_TrueSTUDIO_for_STM32_x86_64_9.3.0/ARMTools/bin/../lib/gcc/arm-atollic-eabi/6.3.1/armv7e-m/fpu/fpv5-d16/crtbegin.o
 *(.init)
 .init          0x00000000080049f4        0x4 /opt/Atollic_TrueSTUDIO_for_STM32_x86_64_9.3.0/ARMTools/bin/../lib/gcc/arm-atollic-eabi/6.3.1/armv7e-m/fpu/fpv5-d16/crti.o
                0x00000000080049f4                _init
 .init          0x00000000080049f8        0x8 /opt/Atollic_TrueSTUDIO_for_STM32_x86_64_9.3.0/ARMTools/bin/../lib/gcc/arm-atollic-eabi/6.3.1/armv7e-m/fpu/fpv5-d16/crtn.o
 *(.fini)
 .fini          0x0000000008004a00        0x4 /opt/Atollic_TrueSTUDIO_for_STM32_x86_64_9.3.0/ARMTools/bin/../lib/gcc/arm-atollic-eabi/6.3.1/armv7e-m/fpu/fpv5-d16/crti.o
                0x0000000008004a00                _fini
 .fini          0x0000000008004a04        0x8 /opt/Atollic_TrueSTUDIO_for_STM32_x86_64_9.3.0/ARMTools/bin/../lib/gcc/arm-atollic-eabi/6.3.1/armv7e-m/fpu/fpv5-d16/crtn.o
                0x0000000008004a0c                . = ALIGN (0x4)
                0x0000000008004a0c                _etext = .

.vfp11_veneer   0x0000000008004a0c        0x0
 .vfp11_veneer  0x0000000008004a0c        0x0 linker stubs

.v4_bx          0x0000000008004a0c        0x0
 .v4_bx         0x0000000008004a0c        0x0 linker stubs

.iplt           0x0000000008004a0c        0x0
 .iplt          0x0000000008004a0c        0x0 /opt/Atollic_TrueSTUDIO_for_STM32_x86_64_9.3.0/ARMTools/bin/../lib/gcc/arm-atollic-eabi/6.3.1/armv7e-m/fpu/fpv5-d16/crtbegin.o

.rodata         0x0000000008004a0c       0x7c
                0x0000000008004a0c                . = ALIGN (0x4)
 *(.rodata)
 *(.rodata*)
 .rodata.CSWTCH.49
                0x0000000008004a0c        0x4 Drivers/STM32F7xx_HAL_Driver/Src/stm32f7xx_hal_uart.o
 .rodata.CSWTCH.50
                0x0000000008004a10        0xd Drivers/STM32F7xx_HAL_Driver/Src/stm32f7xx_hal_uart.o
 .rodata.AHBPrescTable
                0x0000000008004a1d       0x10 Src/system_stm32f7xx.o
                0x0000000008004a1d                AHBPrescTable
 .rodata.APBPrescTable
                0x0000000008004a2d        0x8 Src/system_stm32f7xx.o
                0x0000000008004a2d                APBPrescTable
 .rodata.CSWTCH.27
                0x0000000008004a35        0x4 Src/usbd_conf.o
 .rodata.USBD_FS_ConfigStrDescriptor.str1.1
                0x0000000008004a39        0xb Src/usbd_desc.o
 .rodata.USBD_FS_InterfaceStrDescriptor.str1.1
                0x0000000008004a44        0xe Src/usbd_desc.o
 .rodata.USBD_FS_ManufacturerStrDescriptor.str1.1
                0x0000000008004a52        0xa Src/usbd_desc.o
 .rodata.USBD_FS_ProductStrDescriptor.str1.1
                0x0000000008004a5c       0x14 Src/usbd_desc.o
 .rodata.print_hello_world.str1.1
                0x0000000008004a70       0x17 debug_uart/debug_uart.o
                0x0000000008004a88                . = ALIGN (0x4)
 *fill*         0x0000000008004a87        0x1 

.ARM.extab
 *(.ARM.extab* .gnu.linkonce.armextab.*)

.ARM            0x0000000008004a88        0x8
                0x0000000008004a88                __exidx_start = .
 *(.ARM.exidx*)
 .ARM.exidx     0x0000000008004a88        0x8 /opt/Atollic_TrueSTUDIO_for_STM32_x86_64_9.3.0/ARMTools/bin/../lib/gcc/arm-atollic-eabi/6.3.1/armv7e-m/fpu/fpv5-d16/libgcc.a(_udivmoddi4.o)
                0x0000000008004a90                __exidx_end = .

.rel.dyn        0x0000000008004a90        0x0
 .rel.iplt      0x0000000008004a90        0x0 /opt/Atollic_TrueSTUDIO_for_STM32_x86_64_9.3.0/ARMTools/bin/../lib/gcc/arm-atollic-eabi/6.3.1/armv7e-m/fpu/fpv5-d16/crtbegin.o

.preinit_array  0x0000000008004a90        0x0
                0x0000000008004a90                PROVIDE (__preinit_array_start, .)
 *(.preinit_array*)
                0x0000000008004a90                PROVIDE (__preinit_array_end, .)

.init_array     0x0000000008004a90        0x4
                0x0000000008004a90                PROVIDE (__init_array_start, .)
 *(SORT(.init_array.*))
 *(.init_array*)
 .init_array    0x0000000008004a90        0x4 /opt/Atollic_TrueSTUDIO_for_STM32_x86_64_9.3.0/ARMTools/bin/../lib/gcc/arm-atollic-eabi/6.3.1/armv7e-m/fpu/fpv5-d16/crtbegin.o
                0x0000000008004a94                PROVIDE (__init_array_end, .)

.fini_array     0x0000000008004a94        0x4
                [!provide]                        PROVIDE (__fini_array_start, .)
 *(SORT(.fini_array.*))
 *(.fini_array*)
 .fini_array    0x0000000008004a94        0x4 /opt/Atollic_TrueSTUDIO_for_STM32_x86_64_9.3.0/ARMTools/bin/../lib/gcc/arm-atollic-eabi/6.3.1/armv7e-m/fpu/fpv5-d16/crtbegin.o
                [!provide]                        PROVIDE (__fini_array_end, .)
                0x0000000008004a98                _sidata = LOADADDR (.data)

.data           0x0000000020000000      0x1f0 load address 0x0000000008004a98
                0x0000000020000000                . = ALIGN (0x4)
                0x0000000020000000                _sdata = .
 *(.data)
 *(.data*)
 .data.uwTickFreq
                0x0000000020000000        0x1 Drivers/STM32F7xx_HAL_Driver/Src/stm32f7xx_hal.o
                0x0000000020000000                uwTickFreq
 *fill*         0x0000000020000001        0x3 
 .data.uwTickPrio
                0x0000000020000004        0x4 Drivers/STM32F7xx_HAL_Driver/Src/stm32f7xx_hal.o
                0x0000000020000004                uwTickPrio
 .data.USBD_CDC
                0x0000000020000008       0x38 Middlewares/ST/STM32_USB_Device_Library/Class/CDC/Src/usbd_cdc.o
                0x0000000020000008                USBD_CDC
 .data.USBD_CDC_CfgFSDesc
                0x0000000020000040       0x43 Middlewares/ST/STM32_USB_Device_Library/Class/CDC/Src/usbd_cdc.o
                0x0000000020000040                USBD_CDC_CfgFSDesc
 *fill*         0x0000000020000083        0x1 
 .data.USBD_CDC_CfgHSDesc
                0x0000000020000084       0x43 Middlewares/ST/STM32_USB_Device_Library/Class/CDC/Src/usbd_cdc.o
                0x0000000020000084                USBD_CDC_CfgHSDesc
 *fill*         0x00000000200000c7        0x1 
 .data.USBD_CDC_DeviceQualifierDesc
                0x00000000200000c8        0xa Middlewares/ST/STM32_USB_Device_Library/Class/CDC/Src/usbd_cdc.o
 *fill*         0x00000000200000d2        0x2 
 .data.USBD_CDC_OtherSpeedCfgDesc
                0x00000000200000d4       0x43 Middlewares/ST/STM32_USB_Device_Library/Class/CDC/Src/usbd_cdc.o
                0x00000000200000d4                USBD_CDC_OtherSpeedCfgDesc
 *fill*         0x0000000020000117        0x1 
 .data.SystemCoreClock
                0x0000000020000118        0x4 Src/system_stm32f7xx.o
                0x0000000020000118                SystemCoreClock
 .data.USBD_Interface_fops_FS
                0x000000002000011c       0x10 Src/usbd_cdc_if.o
                0x000000002000011c                USBD_Interface_fops_FS
 .data.FS_Desc  0x000000002000012c       0x20 Src/usbd_desc.o
                0x000000002000012c                FS_Desc
 .data.USBD_FS_BOSDesc
                0x000000002000014c        0xc Src/usbd_desc.o
                0x000000002000014c                USBD_FS_BOSDesc
 .data.USBD_FS_DeviceDesc
                0x0000000020000158       0x12 Src/usbd_desc.o
                0x0000000020000158                USBD_FS_DeviceDesc
 *fill*         0x000000002000016a        0x2 
 .data.USBD_LangIDDesc
                0x000000002000016c        0x4 Src/usbd_desc.o
                0x000000002000016c                USBD_LangIDDesc
 .data.USBD_StringSerial
                0x0000000020000170       0x1a Src/usbd_desc.o
                0x0000000020000170                USBD_StringSerial
 *fill*         0x000000002000018a        0x2 
 .data._impure_ptr
                0x000000002000018c        0x4 /opt/Atollic_TrueSTUDIO_for_STM32_x86_64_9.3.0/ARMTools/bin/../lib/gcc/arm-atollic-eabi/6.3.1/../../../../arm-atollic-eabi/lib/armv7e-m/fpu/fpv5-d16/libc_nano.a(lib_a-impure.o)
                0x000000002000018c                _impure_ptr
 .data.impure_data
                0x0000000020000190       0x60 /opt/Atollic_TrueSTUDIO_for_STM32_x86_64_9.3.0/ARMTools/bin/../lib/gcc/arm-atollic-eabi/6.3.1/../../../../arm-atollic-eabi/lib/armv7e-m/fpu/fpv5-d16/libc_nano.a(lib_a-impure.o)
                0x00000000200001f0                . = ALIGN (0x4)
                0x00000000200001f0                _edata = .

.igot.plt       0x00000000200001f0        0x0 load address 0x0000000008004c88
 .igot.plt      0x00000000200001f0        0x0 /opt/Atollic_TrueSTUDIO_for_STM32_x86_64_9.3.0/ARMTools/bin/../lib/gcc/arm-atollic-eabi/6.3.1/armv7e-m/fpu/fpv5-d16/crtbegin.o
                0x00000000200001f0                . = ALIGN (0x4)

.bss            0x00000000200001f0     0x19f8 load address 0x0000000008004c88
                0x00000000200001f0                _sbss = .
                0x00000000200001f0                __bss_start__ = _sbss
 *(.bss)
 .bss           0x00000000200001f0       0x1c /opt/Atollic_TrueSTUDIO_for_STM32_x86_64_9.3.0/ARMTools/bin/../lib/gcc/arm-atollic-eabi/6.3.1/armv7e-m/fpu/fpv5-d16/crtbegin.o
 *(.bss*)
 .bss.cfgidx.11071
                0x000000002000020c        0x1 Middlewares/ST/STM32_USB_Device_Library/Core/Src/usbd_ctlreq.o
 *fill*         0x000000002000020d        0x3 
 .bss.heap_end.7010
                0x0000000020000210        0x4 Src/syscalls.o
 .bss.__malloc_free_list
                0x0000000020000214        0x4 /opt/Atollic_TrueSTUDIO_for_STM32_x86_64_9.3.0/ARMTools/bin/../lib/gcc/arm-atollic-eabi/6.3.1/../../../../arm-atollic-eabi/lib/armv7e-m/fpu/fpv5-d16/libc_nano.a(lib_a-nano-mallocr.o)
                0x0000000020000214                __malloc_free_list
 .bss.__malloc_sbrk_start
                0x0000000020000218        0x4 /opt/Atollic_TrueSTUDIO_for_STM32_x86_64_9.3.0/ARMTools/bin/../lib/gcc/arm-atollic-eabi/6.3.1/../../../../arm-atollic-eabi/lib/armv7e-m/fpu/fpv5-d16/libc_nano.a(lib_a-nano-mallocr.o)
                0x0000000020000218                __malloc_sbrk_start
 *(COMMON)
 COMMON         0x000000002000021c        0x4 Drivers/STM32F7xx_HAL_Driver/Src/stm32f7xx_hal.o
                0x000000002000021c                uwTick
 COMMON         0x0000000020000220      0x124 Src/main.o
                0x0000000020000220                huart3
                0x00000000200002a0                htim1
                0x00000000200002e0                hspi1
 COMMON         0x0000000020000344      0x29c Src/usb_device.o
                0x0000000020000344                hUsbDeviceFS
 COMMON         0x00000000200005e0     0x1000 Src/usbd_cdc_if.o
                0x00000000200005e0                UserRxBufferFS
                0x0000000020000de0                UserTxBufferFS
 COMMON         0x00000000200015e0      0x404 Src/usbd_conf.o
                0x00000000200015e0                hpcd_USB_OTG_FS
 COMMON         0x00000000200019e4      0x200 Src/usbd_desc.o
                0x00000000200019e4                USBD_StrDesc
 COMMON         0x0000000020001be4        0x4 /opt/Atollic_TrueSTUDIO_for_STM32_x86_64_9.3.0/ARMTools/bin/../lib/gcc/arm-atollic-eabi/6.3.1/../../../../arm-atollic-eabi/lib/armv7e-m/fpu/fpv5-d16/libc_nano.a(lib_a-reent.o)
                0x0000000020001be4                errno
                0x0000000020001be8                . = ALIGN (0x4)
                0x0000000020001be8                _ebss = .
                0x0000000020001be8                __bss_end__ = _ebss

._user_heap_stack
                0x0000000020001be8      0x600 load address 0x0000000008004c88
                0x0000000020001be8                . = ALIGN (0x4)
                0x0000000020001be8                PROVIDE (end, .)
                [!provide]                        PROVIDE (_end, .)
                0x0000000020001de8                . = (. + _Min_Heap_Size)
 *fill*         0x0000000020001be8      0x200 
                0x00000000200021e8                . = (. + _Min_Stack_Size)
 *fill*         0x0000000020001de8      0x400 
                0x00000000200021e8                . = ALIGN (0x4)

/DISCARD/
 libc.a(*)
 libm.a(*)
 libgcc.a(*)

.ARM.attributes
                0x0000000000000000       0x2e
 *(.ARM.attributes)
 .ARM.attributes
                0x0000000000000000       0x20 /opt/Atollic_TrueSTUDIO_for_STM32_x86_64_9.3.0/ARMTools/bin/../lib/gcc/arm-atollic-eabi/6.3.1/armv7e-m/fpu/fpv5-d16/crti.o
 .ARM.attributes
                0x0000000000000020       0x32 /opt/Atollic_TrueSTUDIO_for_STM32_x86_64_9.3.0/ARMTools/bin/../lib/gcc/arm-atollic-eabi/6.3.1/armv7e-m/fpu/fpv5-d16/crtbegin.o
 .ARM.attributes
                0x0000000000000052       0x37 Drivers/STM32F7xx_HAL_Driver/Src/stm32f7xx_hal.o
 .ARM.attributes
                0x0000000000000089       0x37 Drivers/STM32F7xx_HAL_Driver/Src/stm32f7xx_hal_cortex.o
 .ARM.attributes
                0x00000000000000c0       0x37 Drivers/STM32F7xx_HAL_Driver/Src/stm32f7xx_hal_gpio.o
 .ARM.attributes
                0x00000000000000f7       0x37 Drivers/STM32F7xx_HAL_Driver/Src/stm32f7xx_hal_pcd.o
 .ARM.attributes
                0x000000000000012e       0x37 Drivers/STM32F7xx_HAL_Driver/Src/stm32f7xx_hal_pcd_ex.o
 .ARM.attributes
                0x0000000000000165       0x37 Drivers/STM32F7xx_HAL_Driver/Src/stm32f7xx_hal_pwr.o
 .ARM.attributes
                0x000000000000019c       0x37 Drivers/STM32F7xx_HAL_Driver/Src/stm32f7xx_hal_pwr_ex.o
 .ARM.attributes
                0x00000000000001d3       0x37 Drivers/STM32F7xx_HAL_Driver/Src/stm32f7xx_hal_rcc.o
 .ARM.attributes
                0x000000000000020a       0x37 Drivers/STM32F7xx_HAL_Driver/Src/stm32f7xx_hal_rcc_ex.o
 .ARM.attributes
                0x0000000000000241       0x37 Drivers/STM32F7xx_HAL_Driver/Src/stm32f7xx_hal_spi.o
 .ARM.attributes
                0x0000000000000278       0x37 Drivers/STM32F7xx_HAL_Driver/Src/stm32f7xx_hal_tim.o
 .ARM.attributes
                0x00000000000002af       0x37 Drivers/STM32F7xx_HAL_Driver/Src/stm32f7xx_hal_tim_ex.o
 .ARM.attributes
                0x00000000000002e6       0x37 Drivers/STM32F7xx_HAL_Driver/Src/stm32f7xx_hal_uart.o
 .ARM.attributes
                0x000000000000031d       0x37 Drivers/STM32F7xx_HAL_Driver/Src/stm32f7xx_ll_usb.o
 .ARM.attributes
                0x0000000000000354       0x37 Middlewares/ST/STM32_USB_Device_Library/Class/CDC/Src/usbd_cdc.o
 .ARM.attributes
                0x000000000000038b       0x37 Middlewares/ST/STM32_USB_Device_Library/Core/Src/usbd_core.o
 .ARM.attributes
                0x00000000000003c2       0x37 Middlewares/ST/STM32_USB_Device_Library/Core/Src/usbd_ctlreq.o
 .ARM.attributes
                0x00000000000003f9       0x37 Middlewares/ST/STM32_USB_Device_Library/Core/Src/usbd_ioreq.o
 .ARM.attributes
                0x0000000000000430       0x37 Src/main.o
 .ARM.attributes
                0x0000000000000467       0x37 Src/stm32f7xx_hal_msp.o
 .ARM.attributes
                0x000000000000049e       0x37 Src/stm32f7xx_it.o
 .ARM.attributes
                0x00000000000004d5       0x37 Src/syscalls.o
 .ARM.attributes
                0x000000000000050c       0x37 Src/system_stm32f7xx.o
 .ARM.attributes
                0x0000000000000543       0x37 Src/usb_device.o
 .ARM.attributes
                0x000000000000057a       0x37 Src/usbd_cdc_if.o
 .ARM.attributes
                0x00000000000005b1       0x37 Src/usbd_conf.o
 .ARM.attributes
                0x00000000000005e8       0x37 Src/usbd_desc.o
 .ARM.attributes
                0x000000000000061f       0x37 debug_uart/debug_uart.o
 .ARM.attributes
                0x0000000000000656       0x21 startup/startup_stm32f767xx.o
 .ARM.attributes
                0x0000000000000677       0x32 /opt/Atollic_TrueSTUDIO_for_STM32_x86_64_9.3.0/ARMTools/bin/../lib/gcc/arm-atollic-eabi/6.3.1/../../../../arm-atollic-eabi/lib/armv7e-m/fpu/fpv5-d16/libc_nano.a(lib_a-errno.o)
 .ARM.attributes
                0x00000000000006a9       0x32 /opt/Atollic_TrueSTUDIO_for_STM32_x86_64_9.3.0/ARMTools/bin/../lib/gcc/arm-atollic-eabi/6.3.1/../../../../arm-atollic-eabi/lib/armv7e-m/fpu/fpv5-d16/libc_nano.a(lib_a-impure.o)
 .ARM.attributes
                0x00000000000006db       0x32 /opt/Atollic_TrueSTUDIO_for_STM32_x86_64_9.3.0/ARMTools/bin/../lib/gcc/arm-atollic-eabi/6.3.1/../../../../arm-atollic-eabi/lib/armv7e-m/fpu/fpv5-d16/libc_nano.a(lib_a-init.o)
 .ARM.attributes
                0x000000000000070d       0x32 /opt/Atollic_TrueSTUDIO_for_STM32_x86_64_9.3.0/ARMTools/bin/../lib/gcc/arm-atollic-eabi/6.3.1/../../../../arm-atollic-eabi/lib/armv7e-m/fpu/fpv5-d16/libc_nano.a(lib_a-malloc.o)
 .ARM.attributes
                0x000000000000073f       0x32 /opt/Atollic_TrueSTUDIO_for_STM32_x86_64_9.3.0/ARMTools/bin/../lib/gcc/arm-atollic-eabi/6.3.1/../../../../arm-atollic-eabi/lib/armv7e-m/fpu/fpv5-d16/libc_nano.a(lib_a-memset.o)
 .ARM.attributes
                0x0000000000000771       0x32 /opt/Atollic_TrueSTUDIO_for_STM32_x86_64_9.3.0/ARMTools/bin/../lib/gcc/arm-atollic-eabi/6.3.1/../../../../arm-atollic-eabi/lib/armv7e-m/fpu/fpv5-d16/libc_nano.a(lib_a-nano-freer.o)
 .ARM.attributes
                0x00000000000007a3       0x32 /opt/Atollic_TrueSTUDIO_for_STM32_x86_64_9.3.0/ARMTools/bin/../lib/gcc/arm-atollic-eabi/6.3.1/../../../../arm-atollic-eabi/lib/armv7e-m/fpu/fpv5-d16/libc_nano.a(lib_a-nano-mallocr.o)
 .ARM.attributes
                0x00000000000007d5       0x32 /opt/Atollic_TrueSTUDIO_for_STM32_x86_64_9.3.0/ARMTools/bin/../lib/gcc/arm-atollic-eabi/6.3.1/../../../../arm-atollic-eabi/lib/armv7e-m/fpu/fpv5-d16/libc_nano.a(lib_a-sbrkr.o)
 .ARM.attributes
                0x0000000000000807       0x32 /opt/Atollic_TrueSTUDIO_for_STM32_x86_64_9.3.0/ARMTools/bin/../lib/gcc/arm-atollic-eabi/6.3.1/../../../../arm-atollic-eabi/lib/armv7e-m/fpu/fpv5-d16/libc_nano.a(lib_a-strcpy.o)
 .ARM.attributes
                0x0000000000000839       0x19 /opt/Atollic_TrueSTUDIO_for_STM32_x86_64_9.3.0/ARMTools/bin/../lib/gcc/arm-atollic-eabi/6.3.1/../../../../arm-atollic-eabi/lib/armv7e-m/fpu/fpv5-d16/libc_nano.a(lib_a-strlen.o)
 .ARM.attributes
                0x0000000000000852       0x32 /opt/Atollic_TrueSTUDIO_for_STM32_x86_64_9.3.0/ARMTools/bin/../lib/gcc/arm-atollic-eabi/6.3.1/../../../../arm-atollic-eabi/lib/armv7e-m/fpu/fpv5-d16/libc_nano.a(lib_a-mlock.o)
 .ARM.attributes
                0x0000000000000884       0x32 /opt/Atollic_TrueSTUDIO_for_STM32_x86_64_9.3.0/ARMTools/bin/../lib/gcc/arm-atollic-eabi/6.3.1/../../../../arm-atollic-eabi/lib/armv7e-m/fpu/fpv5-d16/libc_nano.a(lib_a-reent.o)
 .ARM.attributes
                0x00000000000008b6       0x20 /opt/Atollic_TrueSTUDIO_for_STM32_x86_64_9.3.0/ARMTools/bin/../lib/gcc/arm-atollic-eabi/6.3.1/armv7e-m/fpu/fpv5-d16/libgcc.a(_aeabi_uldivmod.o)
 .ARM.attributes
                0x00000000000008d6       0x32 /opt/Atollic_TrueSTUDIO_for_STM32_x86_64_9.3.0/ARMTools/bin/../lib/gcc/arm-atollic-eabi/6.3.1/armv7e-m/fpu/fpv5-d16/libgcc.a(_udivmoddi4.o)
 .ARM.attributes
                0x0000000000000908       0x20 /opt/Atollic_TrueSTUDIO_for_STM32_x86_64_9.3.0/ARMTools/bin/../lib/gcc/arm-atollic-eabi/6.3.1/armv7e-m/fpu/fpv5-d16/libgcc.a(_dvmd_tls.o)
 .ARM.attributes
                0x0000000000000928       0x20 /opt/Atollic_TrueSTUDIO_for_STM32_x86_64_9.3.0/ARMTools/bin/../lib/gcc/arm-atollic-eabi/6.3.1/armv7e-m/fpu/fpv5-d16/crtn.o
OUTPUT(spv_firmware.elf elf32-littlearm)

.debug_info     0x0000000000000000    0x22777
 .debug_info    0x0000000000000000      0xb06 Drivers/STM32F7xx_HAL_Driver/Src/stm32f7xx_hal.o
 .debug_info    0x0000000000000b06     0x11ee Drivers/STM32F7xx_HAL_Driver/Src/stm32f7xx_hal_cortex.o
 .debug_info    0x0000000000001cf4      0x7fa Drivers/STM32F7xx_HAL_Driver/Src/stm32f7xx_hal_gpio.o
 .debug_info    0x00000000000024ee     0x1810 Drivers/STM32F7xx_HAL_Driver/Src/stm32f7xx_hal_pcd.o
 .debug_info    0x0000000000003cfe      0x812 Drivers/STM32F7xx_HAL_Driver/Src/stm32f7xx_hal_pcd_ex.o
 .debug_info    0x0000000000004510      0x9c5 Drivers/STM32F7xx_HAL_Driver/Src/stm32f7xx_hal_pwr.o
 .debug_info    0x0000000000004ed5      0xa38 Drivers/STM32F7xx_HAL_Driver/Src/stm32f7xx_hal_pwr_ex.o
 .debug_info    0x000000000000590d      0xba6 Drivers/STM32F7xx_HAL_Driver/Src/stm32f7xx_hal_rcc.o
 .debug_info    0x00000000000064b3      0x8c9 Drivers/STM32F7xx_HAL_Driver/Src/stm32f7xx_hal_rcc_ex.o
 .debug_info    0x0000000000006d7c     0x2118 Drivers/STM32F7xx_HAL_Driver/Src/stm32f7xx_hal_spi.o
 .debug_info    0x0000000000008e94     0x36ac Drivers/STM32F7xx_HAL_Driver/Src/stm32f7xx_hal_tim.o
 .debug_info    0x000000000000c540     0x14fe Drivers/STM32F7xx_HAL_Driver/Src/stm32f7xx_hal_tim_ex.o
 .debug_info    0x000000000000da3e     0x1bf6 Drivers/STM32F7xx_HAL_Driver/Src/stm32f7xx_hal_uart.o
 .debug_info    0x000000000000f634     0x1be2 Drivers/STM32F7xx_HAL_Driver/Src/stm32f7xx_ll_usb.o
 .debug_info    0x0000000000011216     0x1aa7 Middlewares/ST/STM32_USB_Device_Library/Class/CDC/Src/usbd_cdc.o
 .debug_info    0x0000000000012cbd     0x1516 Middlewares/ST/STM32_USB_Device_Library/Core/Src/usbd_core.o
 .debug_info    0x00000000000141d3     0x1531 Middlewares/ST/STM32_USB_Device_Library/Core/Src/usbd_ctlreq.o
 .debug_info    0x0000000000015704     0x1039 Middlewares/ST/STM32_USB_Device_Library/Core/Src/usbd_ioreq.o
 .debug_info    0x000000000001673d     0x242f Src/main.o
 .debug_info    0x0000000000018b6c     0x1205 Src/stm32f7xx_hal_msp.o
 .debug_info    0x0000000000019d71      0x6e0 Src/stm32f7xx_it.o
 .debug_info    0x000000000001a451      0xfe1 Src/syscalls.o
 .debug_info    0x000000000001b432      0x744 Src/system_stm32f7xx.o
 .debug_info    0x000000000001bb76      0xf48 Src/usb_device.o
 .debug_info    0x000000000001cabe     0x10ff Src/usbd_cdc_if.o
 .debug_info    0x000000000001dbbd     0x277d Src/usbd_conf.o
 .debug_info    0x000000000002033a      0xf00 Src/usbd_desc.o
 .debug_info    0x000000000002123a     0x14b2 debug_uart/debug_uart.o
 .debug_info    0x00000000000226ec       0x8b startup/startup_stm32f767xx.o

.debug_abbrev   0x0000000000000000     0x479f
 .debug_abbrev  0x0000000000000000      0x239 Drivers/STM32F7xx_HAL_Driver/Src/stm32f7xx_hal.o
 .debug_abbrev  0x0000000000000239      0x314 Drivers/STM32F7xx_HAL_Driver/Src/stm32f7xx_hal_cortex.o
 .debug_abbrev  0x000000000000054d      0x1ef Drivers/STM32F7xx_HAL_Driver/Src/stm32f7xx_hal_gpio.o
 .debug_abbrev  0x000000000000073c      0x341 Drivers/STM32F7xx_HAL_Driver/Src/stm32f7xx_hal_pcd.o
 .debug_abbrev  0x0000000000000a7d      0x1ed Drivers/STM32F7xx_HAL_Driver/Src/stm32f7xx_hal_pcd_ex.o
 .debug_abbrev  0x0000000000000c6a      0x1b3 Drivers/STM32F7xx_HAL_Driver/Src/stm32f7xx_hal_pwr.o
 .debug_abbrev  0x0000000000000e1d      0x1c4 Drivers/STM32F7xx_HAL_Driver/Src/stm32f7xx_hal_pwr_ex.o
 .debug_abbrev  0x0000000000000fe1      0x2d6 Drivers/STM32F7xx_HAL_Driver/Src/stm32f7xx_hal_rcc.o
 .debug_abbrev  0x00000000000012b7      0x1c8 Drivers/STM32F7xx_HAL_Driver/Src/stm32f7xx_hal_rcc_ex.o
 .debug_abbrev  0x000000000000147f      0x329 Drivers/STM32F7xx_HAL_Driver/Src/stm32f7xx_hal_spi.o
 .debug_abbrev  0x00000000000017a8      0x324 Drivers/STM32F7xx_HAL_Driver/Src/stm32f7xx_hal_tim.o
 .debug_abbrev  0x0000000000001acc      0x29c Drivers/STM32F7xx_HAL_Driver/Src/stm32f7xx_hal_tim_ex.o
 .debug_abbrev  0x0000000000001d68      0x31d Drivers/STM32F7xx_HAL_Driver/Src/stm32f7xx_hal_uart.o
 .debug_abbrev  0x0000000000002085      0x341 Drivers/STM32F7xx_HAL_Driver/Src/stm32f7xx_ll_usb.o
 .debug_abbrev  0x00000000000023c6      0x2f8 Middlewares/ST/STM32_USB_Device_Library/Class/CDC/Src/usbd_cdc.o
 .debug_abbrev  0x00000000000026be      0x322 Middlewares/ST/STM32_USB_Device_Library/Core/Src/usbd_core.o
 .debug_abbrev  0x00000000000029e0      0x3b9 Middlewares/ST/STM32_USB_Device_Library/Core/Src/usbd_ctlreq.o
 .debug_abbrev  0x0000000000002d99      0x1f7 Middlewares/ST/STM32_USB_Device_Library/Core/Src/usbd_ioreq.o
 .debug_abbrev  0x0000000000002f90      0x308 Src/main.o
 .debug_abbrev  0x0000000000003298      0x20f Src/stm32f7xx_hal_msp.o
 .debug_abbrev  0x00000000000034a7      0x1c1 Src/stm32f7xx_it.o
 .debug_abbrev  0x0000000000003668      0x2d9 Src/syscalls.o
 .debug_abbrev  0x0000000000003941      0x142 Src/system_stm32f7xx.o
 .debug_abbrev  0x0000000000003a83      0x1fe Src/usb_device.o
 .debug_abbrev  0x0000000000003c81      0x2ba Src/usbd_cdc_if.o
 .debug_abbrev  0x0000000000003f3b      0x373 Src/usbd_conf.o
 .debug_abbrev  0x00000000000042ae      0x2c9 Src/usbd_desc.o
 .debug_abbrev  0x0000000000004577      0x216 debug_uart/debug_uart.o
 .debug_abbrev  0x000000000000478d       0x12 startup/startup_stm32f767xx.o

.debug_loc      0x0000000000000000     0xda71
 .debug_loc     0x0000000000000000      0x11b Drivers/STM32F7xx_HAL_Driver/Src/stm32f7xx_hal.o
 .debug_loc     0x000000000000011b      0x57e Drivers/STM32F7xx_HAL_Driver/Src/stm32f7xx_hal_cortex.o
 .debug_loc     0x0000000000000699      0x36d Drivers/STM32F7xx_HAL_Driver/Src/stm32f7xx_hal_gpio.o
 .debug_loc     0x0000000000000a06      0xb70 Drivers/STM32F7xx_HAL_Driver/Src/stm32f7xx_hal_pcd.o
 .debug_loc     0x0000000000001576      0x14d Drivers/STM32F7xx_HAL_Driver/Src/stm32f7xx_hal_pcd_ex.o
 .debug_loc     0x00000000000016c3       0xae Drivers/STM32F7xx_HAL_Driver/Src/stm32f7xx_hal_pwr.o
 .debug_loc     0x0000000000001771      0x1c2 Drivers/STM32F7xx_HAL_Driver/Src/stm32f7xx_hal_pwr_ex.o
 .debug_loc     0x0000000000001933      0x40a Drivers/STM32F7xx_HAL_Driver/Src/stm32f7xx_hal_rcc.o
 .debug_loc     0x0000000000001d3d      0x5dc Drivers/STM32F7xx_HAL_Driver/Src/stm32f7xx_hal_rcc_ex.o
 .debug_loc     0x0000000000002319     0x1a7b Drivers/STM32F7xx_HAL_Driver/Src/stm32f7xx_hal_spi.o
 .debug_loc     0x0000000000003d94     0x32c7 Drivers/STM32F7xx_HAL_Driver/Src/stm32f7xx_hal_tim.o
 .debug_loc     0x000000000000705b      0xe88 Drivers/STM32F7xx_HAL_Driver/Src/stm32f7xx_hal_tim_ex.o
 .debug_loc     0x0000000000007ee3     0x13e8 Drivers/STM32F7xx_HAL_Driver/Src/stm32f7xx_hal_uart.o
 .debug_loc     0x00000000000092cb     0x1bda Drivers/STM32F7xx_HAL_Driver/Src/stm32f7xx_ll_usb.o
 .debug_loc     0x000000000000aea5      0x623 Middlewares/ST/STM32_USB_Device_Library/Class/CDC/Src/usbd_cdc.o
 .debug_loc     0x000000000000b4c8      0x705 Middlewares/ST/STM32_USB_Device_Library/Core/Src/usbd_core.o
 .debug_loc     0x000000000000bbcd      0x8e0 Middlewares/ST/STM32_USB_Device_Library/Core/Src/usbd_ctlreq.o
 .debug_loc     0x000000000000c4ad      0x23c Middlewares/ST/STM32_USB_Device_Library/Core/Src/usbd_ioreq.o
 .debug_loc     0x000000000000c6e9       0xdc Src/stm32f7xx_hal_msp.o
 .debug_loc     0x000000000000c7c5      0x3ef Src/syscalls.o
 .debug_loc     0x000000000000cbb4      0x11c Src/system_stm32f7xx.o
 .debug_loc     0x000000000000ccd0      0x10c Src/usbd_cdc_if.o
 .debug_loc     0x000000000000cddc      0x988 Src/usbd_conf.o
 .debug_loc     0x000000000000d764      0x30d Src/usbd_desc.o

.debug_aranges  0x0000000000000000     0x12f8
 .debug_aranges
                0x0000000000000000      0x108 Drivers/STM32F7xx_HAL_Driver/Src/stm32f7xx_hal.o
 .debug_aranges
                0x0000000000000108       0xa8 Drivers/STM32F7xx_HAL_Driver/Src/stm32f7xx_hal_cortex.o
 .debug_aranges
                0x00000000000001b0       0x58 Drivers/STM32F7xx_HAL_Driver/Src/stm32f7xx_hal_gpio.o
 .debug_aranges
                0x0000000000000208       0xc0 Drivers/STM32F7xx_HAL_Driver/Src/stm32f7xx_hal_pcd.o
 .debug_aranges
                0x00000000000002c8       0x40 Drivers/STM32F7xx_HAL_Driver/Src/stm32f7xx_hal_pcd_ex.o
 .debug_aranges
                0x0000000000000308       0xa0 Drivers/STM32F7xx_HAL_Driver/Src/stm32f7xx_hal_pwr.o
 .debug_aranges
                0x00000000000003a8       0x80 Drivers/STM32F7xx_HAL_Driver/Src/stm32f7xx_hal_pwr_ex.o
 .debug_aranges
                0x0000000000000428       0x88 Drivers/STM32F7xx_HAL_Driver/Src/stm32f7xx_hal_rcc.o
 .debug_aranges
                0x00000000000004b0       0x50 Drivers/STM32F7xx_HAL_Driver/Src/stm32f7xx_hal_rcc_ex.o
 .debug_aranges
                0x0000000000000500      0x198 Drivers/STM32F7xx_HAL_Driver/Src/stm32f7xx_hal_spi.o
 .debug_aranges
                0x0000000000000698      0x288 Drivers/STM32F7xx_HAL_Driver/Src/stm32f7xx_hal_tim.o
 .debug_aranges
                0x0000000000000920      0x108 Drivers/STM32F7xx_HAL_Driver/Src/stm32f7xx_hal_tim_ex.o
 .debug_aranges
                0x0000000000000a28      0x1a0 Drivers/STM32F7xx_HAL_Driver/Src/stm32f7xx_hal_uart.o
 .debug_aranges
                0x0000000000000bc8      0x198 Drivers/STM32F7xx_HAL_Driver/Src/stm32f7xx_ll_usb.o
 .debug_aranges
                0x0000000000000d60       0x90 Middlewares/ST/STM32_USB_Device_Library/Class/CDC/Src/usbd_cdc.o
 .debug_aranges
                0x0000000000000df0       0xa8 Middlewares/ST/STM32_USB_Device_Library/Core/Src/usbd_core.o
 .debug_aranges
                0x0000000000000e98       0x50 Middlewares/ST/STM32_USB_Device_Library/Core/Src/usbd_ctlreq.o
 .debug_aranges
                0x0000000000000ee8       0x50 Middlewares/ST/STM32_USB_Device_Library/Core/Src/usbd_ioreq.o
 .debug_aranges
                0x0000000000000f38       0x30 Src/main.o
 .debug_aranges
                0x0000000000000f68       0x58 Src/stm32f7xx_hal_msp.o
 .debug_aranges
                0x0000000000000fc0       0x50 Src/stm32f7xx_it.o
 .debug_aranges
                0x0000000000001010       0xb0 Src/syscalls.o
 .debug_aranges
                0x00000000000010c0       0x28 Src/system_stm32f7xx.o
 .debug_aranges
                0x00000000000010e8       0x20 Src/usb_device.o
 .debug_aranges
                0x0000000000001108       0x40 Src/usbd_cdc_if.o
 .debug_aranges
                0x0000000000001148      0x108 Src/usbd_conf.o
 .debug_aranges
                0x0000000000001250       0x60 Src/usbd_desc.o
 .debug_aranges
                0x00000000000012b0       0x20 debug_uart/debug_uart.o
 .debug_aranges
                0x00000000000012d0       0x28 startup/startup_stm32f767xx.o

.debug_ranges   0x0000000000000000     0x16a0
 .debug_ranges  0x0000000000000000       0xf8 Drivers/STM32F7xx_HAL_Driver/Src/stm32f7xx_hal.o
 .debug_ranges  0x00000000000000f8      0x138 Drivers/STM32F7xx_HAL_Driver/Src/stm32f7xx_hal_cortex.o
 .debug_ranges  0x0000000000000230       0x70 Drivers/STM32F7xx_HAL_Driver/Src/stm32f7xx_hal_gpio.o
 .debug_ranges  0x00000000000002a0       0xe8 Drivers/STM32F7xx_HAL_Driver/Src/stm32f7xx_hal_pcd.o
 .debug_ranges  0x0000000000000388       0x30 Drivers/STM32F7xx_HAL_Driver/Src/stm32f7xx_hal_pcd_ex.o
 .debug_ranges  0x00000000000003b8       0x90 Drivers/STM32F7xx_HAL_Driver/Src/stm32f7xx_hal_pwr.o
 .debug_ranges  0x0000000000000448       0xe8 Drivers/STM32F7xx_HAL_Driver/Src/stm32f7xx_hal_pwr_ex.o
 .debug_ranges  0x0000000000000530       0xf0 Drivers/STM32F7xx_HAL_Driver/Src/stm32f7xx_hal_rcc.o
 .debug_ranges  0x0000000000000620       0x58 Drivers/STM32F7xx_HAL_Driver/Src/stm32f7xx_hal_rcc_ex.o
 .debug_ranges  0x0000000000000678      0x200 Drivers/STM32F7xx_HAL_Driver/Src/stm32f7xx_hal_spi.o
 .debug_ranges  0x0000000000000878      0x358 Drivers/STM32F7xx_HAL_Driver/Src/stm32f7xx_hal_tim.o
 .debug_ranges  0x0000000000000bd0       0xf8 Drivers/STM32F7xx_HAL_Driver/Src/stm32f7xx_hal_tim_ex.o
 .debug_ranges  0x0000000000000cc8      0x190 Drivers/STM32F7xx_HAL_Driver/Src/stm32f7xx_hal_uart.o
 .debug_ranges  0x0000000000000e58      0x1a8 Drivers/STM32F7xx_HAL_Driver/Src/stm32f7xx_ll_usb.o
 .debug_ranges  0x0000000000001000       0x80 Middlewares/ST/STM32_USB_Device_Library/Class/CDC/Src/usbd_cdc.o
 .debug_ranges  0x0000000000001080       0x98 Middlewares/ST/STM32_USB_Device_Library/Core/Src/usbd_core.o
 .debug_ranges  0x0000000000001118       0x88 Middlewares/ST/STM32_USB_Device_Library/Core/Src/usbd_ctlreq.o
 .debug_ranges  0x00000000000011a0       0x40 Middlewares/ST/STM32_USB_Device_Library/Core/Src/usbd_ioreq.o
 .debug_ranges  0x00000000000011e0      0x108 Src/main.o
 .debug_ranges  0x00000000000012e8       0xd0 Src/stm32f7xx_hal_msp.o
 .debug_ranges  0x00000000000013b8       0x40 Src/stm32f7xx_it.o
 .debug_ranges  0x00000000000013f8       0xa0 Src/syscalls.o
 .debug_ranges  0x0000000000001498       0x18 Src/system_stm32f7xx.o
 .debug_ranges  0x00000000000014b0       0x10 Src/usb_device.o
 .debug_ranges  0x00000000000014c0       0x30 Src/usbd_cdc_if.o
 .debug_ranges  0x00000000000014f0      0x130 Src/usbd_conf.o
 .debug_ranges  0x0000000000001620       0x50 Src/usbd_desc.o
 .debug_ranges  0x0000000000001670       0x10 debug_uart/debug_uart.o
 .debug_ranges  0x0000000000001680       0x20 startup/startup_stm32f767xx.o

.debug_line     0x0000000000000000     0x9ec3
 .debug_line    0x0000000000000000      0x435 Drivers/STM32F7xx_HAL_Driver/Src/stm32f7xx_hal.o
 .debug_line    0x0000000000000435      0x45d Drivers/STM32F7xx_HAL_Driver/Src/stm32f7xx_hal_cortex.o
 .debug_line    0x0000000000000892      0x411 Drivers/STM32F7xx_HAL_Driver/Src/stm32f7xx_hal_gpio.o
 .debug_line    0x0000000000000ca3      0x739 Drivers/STM32F7xx_HAL_Driver/Src/stm32f7xx_hal_pcd.o
 .debug_line    0x00000000000013dc      0x29f Drivers/STM32F7xx_HAL_Driver/Src/stm32f7xx_hal_pcd_ex.o
 .debug_line    0x000000000000167b      0x371 Drivers/STM32F7xx_HAL_Driver/Src/stm32f7xx_hal_pwr.o
 .debug_line    0x00000000000019ec      0x375 Drivers/STM32F7xx_HAL_Driver/Src/stm32f7xx_hal_pwr_ex.o
 .debug_line    0x0000000000001d61      0x5a9 Drivers/STM32F7xx_HAL_Driver/Src/stm32f7xx_hal_rcc.o
 .debug_line    0x000000000000230a      0x464 Drivers/STM32F7xx_HAL_Driver/Src/stm32f7xx_hal_rcc_ex.o
 .debug_line    0x000000000000276e      0xca5 Drivers/STM32F7xx_HAL_Driver/Src/stm32f7xx_hal_spi.o
 .debug_line    0x0000000000003413     0x13a2 Drivers/STM32F7xx_HAL_Driver/Src/stm32f7xx_hal_tim.o
 .debug_line    0x00000000000047b5      0x7ee Drivers/STM32F7xx_HAL_Driver/Src/stm32f7xx_hal_tim_ex.o
 .debug_line    0x0000000000004fa3      0xd53 Drivers/STM32F7xx_HAL_Driver/Src/stm32f7xx_hal_uart.o
 .debug_line    0x0000000000005cf6      0x957 Drivers/STM32F7xx_HAL_Driver/Src/stm32f7xx_ll_usb.o
 .debug_line    0x000000000000664d      0x589 Middlewares/ST/STM32_USB_Device_Library/Class/CDC/Src/usbd_cdc.o
 .debug_line    0x0000000000006bd6      0x524 Middlewares/ST/STM32_USB_Device_Library/Core/Src/usbd_core.o
 .debug_line    0x00000000000070fa      0x4bd Middlewares/ST/STM32_USB_Device_Library/Core/Src/usbd_ctlreq.o
 .debug_line    0x00000000000075b7      0x398 Middlewares/ST/STM32_USB_Device_Library/Core/Src/usbd_ioreq.o
 .debug_line    0x000000000000794f      0x595 Src/main.o
 .debug_line    0x0000000000007ee4      0x331 Src/stm32f7xx_hal_msp.o
 .debug_line    0x0000000000008215      0x26d Src/stm32f7xx_it.o
 .debug_line    0x0000000000008482      0x393 Src/syscalls.o
 .debug_line    0x0000000000008815      0x1fe Src/system_stm32f7xx.o
 .debug_line    0x0000000000008a13      0x36f Src/usb_device.o
 .debug_line    0x0000000000008d82      0x392 Src/usbd_cdc_if.o
 .debug_line    0x0000000000009114      0x613 Src/usbd_conf.o
 .debug_line    0x0000000000009727      0x3c9 Src/usbd_desc.o
 .debug_line    0x0000000000009af0      0x354 debug_uart/debug_uart.o
 .debug_line    0x0000000000009e44       0x7f startup/startup_stm32f767xx.o

.debug_str      0x0000000000000000     0x6d8d
 .debug_str     0x0000000000000000      0xd33 Drivers/STM32F7xx_HAL_Driver/Src/stm32f7xx_hal.o
                                        0xd9c (size before relaxing)
 .debug_str     0x0000000000000d33      0x56c Drivers/STM32F7xx_HAL_Driver/Src/stm32f7xx_hal_cortex.o
                                        0xf30 (size before relaxing)
 .debug_str     0x000000000000129f      0x1a7 Drivers/STM32F7xx_HAL_Driver/Src/stm32f7xx_hal_gpio.o
                                        0x5f4 (size before relaxing)
 .debug_str     0x0000000000001446      0xb4e Drivers/STM32F7xx_HAL_Driver/Src/stm32f7xx_hal_pcd.o
                                        0xe5e (size before relaxing)
 .debug_str     0x0000000000001f94      0x168 Drivers/STM32F7xx_HAL_Driver/Src/stm32f7xx_hal_pcd_ex.o
                                        0x848 (size before relaxing)
 .debug_str     0x00000000000020fc      0x22e Drivers/STM32F7xx_HAL_Driver/Src/stm32f7xx_hal_pwr.o
                                        0x734 (size before relaxing)
 .debug_str     0x000000000000232a      0x1e4 Drivers/STM32F7xx_HAL_Driver/Src/stm32f7xx_hal_pwr_ex.o
                                        0x743 (size before relaxing)
 .debug_str     0x000000000000250e      0x2f8 Drivers/STM32F7xx_HAL_Driver/Src/stm32f7xx_hal_rcc.o
                                        0x7db (size before relaxing)
 .debug_str     0x0000000000002806      0x3fb Drivers/STM32F7xx_HAL_Driver/Src/stm32f7xx_hal_rcc_ex.o
                                        0x830 (size before relaxing)
 .debug_str     0x0000000000002c01      0x944 Drivers/STM32F7xx_HAL_Driver/Src/stm32f7xx_hal_spi.o
                                        0xd18 (size before relaxing)
 .debug_str     0x0000000000003545     0x1076 Drivers/STM32F7xx_HAL_Driver/Src/stm32f7xx_hal_tim.o
                                       0x1633 (size before relaxing)
 .debug_str     0x00000000000045bb      0x644 Drivers/STM32F7xx_HAL_Driver/Src/stm32f7xx_hal_tim_ex.o
                                        0xf45 (size before relaxing)
 .debug_str     0x0000000000004bff      0x807 Drivers/STM32F7xx_HAL_Driver/Src/stm32f7xx_hal_uart.o
                                        0xfbf (size before relaxing)
 .debug_str     0x0000000000005406      0x412 Drivers/STM32F7xx_HAL_Driver/Src/stm32f7xx_ll_usb.o
                                        0xd59 (size before relaxing)
 .debug_str     0x0000000000005818      0xa07 Middlewares/ST/STM32_USB_Device_Library/Class/CDC/Src/usbd_cdc.o
                                       0x117d (size before relaxing)
 .debug_str     0x000000000000621f      0x2a0 Middlewares/ST/STM32_USB_Device_Library/Core/Src/usbd_core.o
                                        0xd6c (size before relaxing)
 .debug_str     0x00000000000064bf      0x117 Middlewares/ST/STM32_USB_Device_Library/Core/Src/usbd_ctlreq.o
                                        0xc86 (size before relaxing)
 .debug_str     0x00000000000065d6       0x51 Middlewares/ST/STM32_USB_Device_Library/Core/Src/usbd_ioreq.o
                                        0xbb3 (size before relaxing)
 .debug_str     0x0000000000006627       0xf5 Src/main.o
                                       0x1885 (size before relaxing)
 .debug_str     0x000000000000671c       0x25 Src/stm32f7xx_hal_msp.o
                                        0xcf3 (size before relaxing)
 .debug_str     0x0000000000006741       0xc8 Src/stm32f7xx_it.o
                                        0x72f (size before relaxing)
 .debug_str     0x0000000000006809      0x244 Src/syscalls.o
                                        0x88a (size before relaxing)
 .debug_str     0x0000000000006a4d       0x45 Src/system_stm32f7xx.o
                                        0x521 (size before relaxing)
 .debug_str     0x0000000000006a92       0x40 Src/usb_device.o
                                        0xb76 (size before relaxing)
 .debug_str     0x0000000000006ad2       0x7b Src/usbd_cdc_if.o
                                        0xc46 (size before relaxing)
 .debug_str     0x0000000000006b4d       0x7e Src/usbd_conf.o
                                       0x1d00 (size before relaxing)
 .debug_str     0x0000000000006bcb      0x18f Src/usbd_desc.o
                                        0x9ab (size before relaxing)
 .debug_str     0x0000000000006d5a       0x33 debug_uart/debug_uart.o
                                        0xf11 (size before relaxing)

.comment        0x0000000000000000       0x7c
 .comment       0x0000000000000000       0x7c Drivers/STM32F7xx_HAL_Driver/Src/stm32f7xx_hal.o
                                         0x7d (size before relaxing)
 .comment       0x000000000000007c       0x7d Drivers/STM32F7xx_HAL_Driver/Src/stm32f7xx_hal_cortex.o
 .comment       0x000000000000007c       0x7d Drivers/STM32F7xx_HAL_Driver/Src/stm32f7xx_hal_gpio.o
 .comment       0x000000000000007c       0x7d Drivers/STM32F7xx_HAL_Driver/Src/stm32f7xx_hal_pcd.o
 .comment       0x000000000000007c       0x7d Drivers/STM32F7xx_HAL_Driver/Src/stm32f7xx_hal_pcd_ex.o
 .comment       0x000000000000007c       0x7d Drivers/STM32F7xx_HAL_Driver/Src/stm32f7xx_hal_pwr.o
 .comment       0x000000000000007c       0x7d Drivers/STM32F7xx_HAL_Driver/Src/stm32f7xx_hal_pwr_ex.o
 .comment       0x000000000000007c       0x7d Drivers/STM32F7xx_HAL_Driver/Src/stm32f7xx_hal_rcc.o
 .comment       0x000000000000007c       0x7d Drivers/STM32F7xx_HAL_Driver/Src/stm32f7xx_hal_rcc_ex.o
 .comment       0x000000000000007c       0x7d Drivers/STM32F7xx_HAL_Driver/Src/stm32f7xx_hal_spi.o
 .comment       0x000000000000007c       0x7d Drivers/STM32F7xx_HAL_Driver/Src/stm32f7xx_hal_tim.o
 .comment       0x000000000000007c       0x7d Drivers/STM32F7xx_HAL_Driver/Src/stm32f7xx_hal_tim_ex.o
 .comment       0x000000000000007c       0x7d Drivers/STM32F7xx_HAL_Driver/Src/stm32f7xx_hal_uart.o
 .comment       0x000000000000007c       0x7d Drivers/STM32F7xx_HAL_Driver/Src/stm32f7xx_ll_usb.o
 .comment       0x000000000000007c       0x7d Middlewares/ST/STM32_USB_Device_Library/Class/CDC/Src/usbd_cdc.o
 .comment       0x000000000000007c       0x7d Middlewares/ST/STM32_USB_Device_Library/Core/Src/usbd_core.o
 .comment       0x000000000000007c       0x7d Middlewares/ST/STM32_USB_Device_Library/Core/Src/usbd_ctlreq.o
 .comment       0x000000000000007c       0x7d Middlewares/ST/STM32_USB_Device_Library/Core/Src/usbd_ioreq.o
 .comment       0x000000000000007c       0x7d Src/main.o
 .comment       0x000000000000007c       0x7d Src/stm32f7xx_hal_msp.o
 .comment       0x000000000000007c       0x7d Src/stm32f7xx_it.o
 .comment       0x000000000000007c       0x7d Src/syscalls.o
 .comment       0x000000000000007c       0x7d Src/system_stm32f7xx.o
 .comment       0x000000000000007c       0x7d Src/usb_device.o
 .comment       0x000000000000007c       0x7d Src/usbd_cdc_if.o
 .comment       0x000000000000007c       0x7d Src/usbd_conf.o
 .comment       0x000000000000007c       0x7d Src/usbd_desc.o
 .comment       0x000000000000007c       0x7d debug_uart/debug_uart.o

.debug_frame    0x0000000000000000     0x3770
 .debug_frame   0x0000000000000000      0x230 Drivers/STM32F7xx_HAL_Driver/Src/stm32f7xx_hal.o
 .debug_frame   0x0000000000000230      0x158 Drivers/STM32F7xx_HAL_Driver/Src/stm32f7xx_hal_cortex.o
 .debug_frame   0x0000000000000388       0xd8 Drivers/STM32F7xx_HAL_Driver/Src/stm32f7xx_hal_gpio.o
 .debug_frame   0x0000000000000460      0x2c4 Drivers/STM32F7xx_HAL_Driver/Src/stm32f7xx_hal_pcd.o
 .debug_frame   0x0000000000000724       0x7c Drivers/STM32F7xx_HAL_Driver/Src/stm32f7xx_hal_pcd_ex.o
 .debug_frame   0x00000000000007a0      0x130 Drivers/STM32F7xx_HAL_Driver/Src/stm32f7xx_hal_pwr.o
 .debug_frame   0x00000000000008d0      0x13c Drivers/STM32F7xx_HAL_Driver/Src/stm32f7xx_hal_pwr_ex.o
 .debug_frame   0x0000000000000a0c      0x148 Drivers/STM32F7xx_HAL_Driver/Src/stm32f7xx_hal_rcc.o
 .debug_frame   0x0000000000000b54       0xcc Drivers/STM32F7xx_HAL_Driver/Src/stm32f7xx_hal_rcc_ex.o
 .debug_frame   0x0000000000000c20      0x5b0 Drivers/STM32F7xx_HAL_Driver/Src/stm32f7xx_hal_spi.o