usbd_conf.c:69:6:HAL_PCD_MspInit	48	static
usbd_conf.c:110:6:HAL_PCD_MspDeInit	8	static
usbd_conf.c:147:6:HAL_PCD_SetupStageCallback	0	static
usbd_conf.c:162:6:HAL_PCD_DataOutStageCallback	0	static
usbd_conf.c:177:6:HAL_PCD_DataInStageCallback	0	static
usbd_conf.c:191:6:HAL_PCD_SOFCallback	0	static
usbd_conf.c:205:6:HAL_PCD_ResetCallback	8	static
usbd_conf.c:238:6:HAL_PCD_SuspendCallback	8	static
usbd_conf.c:263:6:HAL_PCD_ResumeCallback	0	static
usbd_conf.c:281:6:HAL_PCD_ISOOUTIncompleteCallback	0	static
usbd_conf.c:296:6:HAL_PCD_ISOINIncompleteCallback	0	static
usbd_conf.c:310:6:HAL_PCD_ConnectCallback	0	static
usbd_conf.c:324:6:HAL_PCD_DisconnectCallback	0	static
usbd_conf.c:339:20:USBD_LL_Init	8	static
usbd_conf.c:389:20:USBD_LL_DeInit	8	static
usbd_conf.c:406:20:USBD_LL_Start	8	static
usbd_conf.c:423:20:USBD_LL_Stop	8	static
usbd_conf.c:443:20:USBD_LL_OpenEP	8	static
usbd_conf.c:461:20:USBD_LL_CloseEP	8	static
usbd_conf.c:479:20:USBD_LL_FlushEP	8	static
usbd_conf.c:497:20:USBD_LL_StallEP	8	static
usbd_conf.c:515:20:USBD_LL_ClearStallEP	8	static
usbd_conf.c:533:9:USBD_LL_IsStallEP	0	static
usbd_conf.c:553:20:USBD_LL_SetUSBAddress	8	static
usbd_conf.c:573:20:USBD_LL_Transmit	8	static
usbd_conf.c:593:20:USBD_LL_PrepareReceive	8	static
usbd_conf.c:611:10:USBD_LL_GetRxDataSize	0	static
usbd_conf.c:622:6:HAL_PCDEx_LPM_Callback	8	static
usbd_conf.c:657:6:USBD_LL_Delay	0	static
usbd_conf.c:678:20:USBD_Get_USB_Status	0	static
